0 verbose cli C:\Program Files\nodejs\node.exe C:\Users\Mizuki Sama\AppData\Roaming\npm\node_modules\npm\bin\npm-cli.js
1 info using npm@11.11.0
2 info using node@v24.11.1
3 silly config load:file:C:\Users\Mizuki Sama\AppData\Roaming\npm\node_modules\npm\npmrc
4 silly config load:file:D:\Web Project\Bangalicon\ban-5.0.0\bangalicon-backend\svelte-icons\.npmrc
5 silly config load:file:C:\Users\Mizuki Sama\.npmrc
6 silly config load:file:C:\Users\Mizuki Sama\AppData\Roaming\npm\etc\npmrc
7 verbose title npm publish
8 verbose argv "publish" "--access" "public" "--registry" "https://registry.npmjs.org"
9 verbose logfile logs-max:10 dir:D:\Web Project\Bangalicon\ban-5.0.0\bangalicon-backend\.npm-cache\_logs\2026-08-06T07_46_18_378Z-
10 verbose logfile D:\Web Project\Bangalicon\ban-5.0.0\bangalicon-backend\.npm-cache\_logs\2026-08-06T07_46_18_378Z-debug-0.log
11 warn Unknown project config "always-auth". This will stop working in the next major version of npm. See `npm help npmrc` for supported config options.
12 silly logfile start cleaning logs, removing 1 files
13 verbose publish [ '.' ]
14 silly logfile done cleaning log files
15 silly packumentCache heap:4496293888 maxSize:1124073472 maxEntrySize:562036736
16 notice
17 notice package: @bangalicon/svelte@1.0.9
18 notice Tarball Contents
19 notice 506B Add.svelte
19 notice 937B AddCircle.svelte
19 notice 760B AddCircleSolid.svelte
19 notice 1.0kB AddSquare.svelte
19 notice 942B AddSquareSolid.svelte
19 notice 1.1kB Alarm.svelte
19 notice 1.1kB AlarmCheck.svelte
19 notice 873B AlarmCheckSolid.svelte
19 notice 1.2kB AlarmClose.svelte
19 notice 945B AlarmCloseSolid.svelte
19 notice 1.1kB AlarmOff.svelte
19 notice 839B AlarmOffSolid.svelte
19 notice 900B AlarmSolid.svelte
19 notice 1.5kB AlipayBrand.svelte
19 notice 2.1kB AmazonBrand.svelte
19 notice 528B AmplifyBrand.svelte
19 notice 750B AndroidBrand.svelte
19 notice 496B AngularBrand.svelte
19 notice 1.5kB AppleAppstoreBrand.svelte
19 notice 1.2kB AppleBrand.svelte
19 notice 1.5kB Apps.svelte
19 notice 793B ArrowAlignCenterHoriz.svelte
19 notice 776B ArrowAlignCenterVert.svelte
19 notice 500B ArrowAlignDown.svelte
19 notice 463B ArrowAlignLeft.svelte
19 notice 516B ArrowAlignRight.svelte
19 notice 507B ArrowAlignUp.svelte
19 notice 500B ArrowDown.svelte
19 notice 955B ArrowDownCircle.svelte
19 notice 721B ArrowDownCircleSolid.svelte
19 notice 499B ArrowDownLeft.svelte
19 notice 930B ArrowDownLeftCircle.svelte
19 notice 757B ArrowDownLeftCircleSolid.svelte
19 notice 522B ArrowDownRight.svelte
19 notice 954B ArrowDownRightCircle.svelte
19 notice 715B ArrowDownRightCircleSolid.svelte
19 notice 439B ArrowDropDown.svelte
19 notice 869B ArrowDropDownCircle.svelte
19 notice 641B ArrowDropDownCircleSolid.svelte
19 notice 954B ArrowDropDownSquare.svelte
19 notice 822B ArrowDropDownSquareSolid.svelte
19 notice 468B ArrowDropLeft.svelte
19 notice 898B ArrowDropLeftCircle.svelte
19 notice 682B ArrowDropLeftCircleSolid.svelte
19 notice 984B ArrowDropLeftSquare.svelte
19 notice 865B ArrowDropLeftSquareSolid.svelte
19 notice 430B ArrowDropRight.svelte
19 notice 861B ArrowDropRightCircle.svelte
19 notice 625B ArrowDropRightCircleSolid.svelte
19 notice 946B ArrowDropRightSquare.svelte
19 notice 807B ArrowDropRightSquareSolid.svelte
19 notice 423B ArrowDropUp.svelte
19 notice 851B ArrowDropUpCircle.svelte
19 notice 647B ArrowDropUpCircleSolid.svelte
19 notice 936B ArrowDropUpSquare.svelte
19 notice 829B ArrowDropUpSquareSolid.svelte
19 notice 602B ArrowEndDown.svelte
19 notice 593B ArrowEndLeft.svelte
19 notice 608B ArrowEndRight.svelte
19 notice 570B ArrowEndUp.svelte
19 notice 811B ArrowInDown.svelte
19 notice 746B ArrowInLeft.svelte
19 notice 797B ArrowInRight.svelte
19 notice 734B ArrowInUp.svelte
19 notice 431B ArrowKeyDown.svelte
19 notice 861B ArrowKeyDownCircle.svelte
19 notice 631B ArrowKeyDownCircleSolid.svelte
19 notice 418B ArrowKeyLeft.svelte
19 notice 844B ArrowKeyLeftCircle.svelte
19 notice 635B ArrowKeyLeftCircleSolid.svelte
19 notice 464B ArrowKeyRight.svelte
19 notice 884B ArrowKeyRightCircle.svelte
19 notice 622B ArrowKeyRightCircleSolid.svelte
19 notice 427B ArrowKeyUp.svelte
19 notice 885B ArrowKeyUpCircle.svelte
19 notice 624B ArrowKeyUpCircleSolid.svelte
19 notice 463B ArrowLeft.svelte
19 notice 912B ArrowLeftCircle.svelte
19 notice 722B ArrowLeftCircleSolid.svelte
19 notice 771B ArrowOutDown.svelte
19 notice 777B ArrowOutLeft.svelte
19 notice 764B ArrowOutRight.svelte
19 notice 782B ArrowOutUp.svelte
19 notice 516B ArrowRight.svelte
19 notice 932B ArrowRightCircle.svelte
19 notice 690B ArrowRightCircleSolid.svelte
19 notice 605B ArrowStartDown.svelte
19 notice 588B ArrowStartLeft.svelte
19 notice 610B ArrowStartRight.svelte
19 notice 572B ArrowStartUp.svelte
19 notice 503B ArrowUp.svelte
19 notice 918B ArrowUpCircle.svelte
19 notice 691B ArrowUpCircleSolid.svelte
19 notice 465B ArrowUpLeft.svelte
19 notice 897B ArrowUpLeftCircle.svelte
19 notice 710B ArrowUpLeftCircleSolid.svelte
19 notice 520B ArrowUpRight.svelte
19 notice 953B ArrowUpRightCircle.svelte
19 notice 664B ArrowUpRightCircleSolid.svelte
19 notice 1.4kB BehanceBrand.svelte
19 notice 2.1kB BitcoinBrand.svelte
19 notice 602B BluetoothBrand.svelte
19 notice 800B Bolt.svelte
19 notice 524B BoltSolid.svelte
19 notice 749B Bookmark.svelte
19 notice 958B BookmarkAdd.svelte
19 notice 794B BookmarkAddSolid.svelte
19 notice 874B BookmarkCheck.svelte
19 notice 675B BookmarkCheckSolid.svelte
19 notice 971B BookmarkClose.svelte
19 notice 749B BookmarkCloseSolid.svelte
19 notice 934B BookmarkNote.svelte
19 notice 794B BookmarkNoteSolid.svelte
19 notice 840B BookmarkRemove.svelte
19 notice 669B BookmarkRemoveSolid.svelte
19 notice 549B BookmarkSolid.svelte
19 notice 1.7kB BufferBrand.svelte
19 notice 1.0kB Call.svelte
19 notice 685B CallSolid.svelte
19 notice 1.2kB Camera.svelte
19 notice 980B CameraSolid.svelte
19 notice 549B Card.svelte
19 notice 448B CardSolid.svelte
19 notice 1.0kB Category.svelte
19 notice 718B CategorySolid.svelte
19 notice 818B Chat.svelte
19 notice 706B Chat2.svelte
19 notice 915B Chat2Add.svelte
19 notice 767B Chat2AddSolid.svelte
19 notice 831B Chat2Check.svelte
19 notice 649B Chat2CheckSolid.svelte
19 notice 928B Chat2Close.svelte
19 notice 722B Chat2CloseSolid.svelte
19 notice 968B Chat2Info.svelte
19 notice 743B Chat2InfoSolid.svelte
19 notice 1.2kB Chat2More.svelte
19 notice 959B Chat2MoreSolid.svelte
19 notice 891B Chat2Note.svelte
19 notice 767B Chat2NoteSolid.svelte
19 notice 1.2kB Chat2Question.svelte
19 notice 990B Chat2QuestionSolid.svelte
19 notice 797B Chat2Remove.svelte
19 notice 642B Chat2RemoveSolid.svelte
19 notice 523B Chat2Solid.svelte
19 notice 971B Chat2Warning.svelte
19 notice 740B Chat2WarningSolid.svelte
19 notice 1.0kB ChatAdd.svelte
19 notice 805B ChatAddSolid.svelte
19 notice 952B ChatCheck.svelte
19 notice 687B ChatCheckSolid.svelte
19 notice 1.0kB ChatClose.svelte
19 notice 759B ChatCloseSolid.svelte
19 notice 1.3kB ChatMore.svelte
19 notice 981B ChatMoreSolid.svelte
19 notice 1.0kB ChatNote.svelte
19 notice 806B ChatNoteSolid.svelte
19 notice 909B ChatRemove.svelte
19 notice 681B ChatRemoveSolid.svelte
19 notice 562B ChatSolid.svelte
19 notice 420B Check.svelte
19 notice 853B CheckCircle.svelte
19 notice 630B CheckCircleSolid.svelte
19 notice 1.2kB ChromeBrand.svelte
19 notice 900B Clock.svelte
19 notice 684B ClockSolid.svelte
19 notice 502B Close.svelte
19 notice 933B CloseCircle.svelte
19 notice 702B CloseCircleSolid.svelte
19 notice 681B CloseFullscreen.svelte
19 notice 960B Cloud.svelte
19 notice 606B CloudSolid.svelte
19 notice 2.1kB CodepenBrand.svelte
19 notice 1.2kB ContentCopy.svelte
19 notice 1.1kB ContentCopySolid.svelte
19 notice 1.2kB Coupon.svelte
19 notice 942B CouponCheck.svelte
19 notice 728B CouponCheckSolid.svelte
19 notice 1.0kB CouponClose.svelte
19 notice 786B CouponCloseSolid.svelte
19 notice 954B CouponSolid.svelte
19 notice 604B Css3Brand.svelte
19 notice 1.0kB Date.svelte
19 notice 1.2kB DateAdd.svelte
19 notice 1.2kB DateAddSolid.svelte
19 notice 1.2kB DateCheck.svelte
19 notice 1.1kB DateCheckSolid.svelte
19 notice 1.2kB DateClose.svelte
19 notice 1.2kB DateCloseSolid.svelte
19 notice 1.3kB DateInfo.svelte
19 notice 1.2kB DateInfoSolid.svelte
19 notice 1.5kB DateMore.svelte
19 notice 1.4kB DateMoreSolid.svelte
19 notice 1.2kB DateNote.svelte
19 notice 1.2kB DateNoteSolid.svelte
19 notice 1.6kB DateQuestion.svelte
19 notice 1.5kB DateQuestionSolid.svelte
19 notice 1.9kB DateRange.svelte
19 notice 1.9kB DateRangeSolid.svelte
19 notice 1.1kB DateRemove.svelte
19 notice 1.1kB DateRemoveSolid.svelte
19 notice 978B DateSolid.svelte
19 notice 1.2kB DateToday.svelte
19 notice 1.1kB DateTodaySolid.svelte
19 notice 1.3kB DateWarning.svelte
19 notice 1.2kB DateWarningSolid.svelte
19 notice 837B Delete.svelte
19 notice 1.0kB DeleteAdd.svelte
19 notice 1.0kB DeleteAddSolid.svelte
19 notice 962B DeleteCheck.svelte
19 notice 888B DeleteCheckSolid.svelte
19 notice 1.1kB DeleteClose.svelte
19 notice 962B DeleteCloseSolid.svelte
19 notice 928B DeleteRemove.svelte
19 notice 879B DeleteRemoveSolid.svelte
19 notice 761B DeleteSolid.svelte
19 notice 541B DeviantartBrand.svelte
19 notice 858B DiscordBrand.svelte
19 notice 3.0kB DockerBrand.svelte
19 notice 1.1kB DragHoriz.svelte
19 notice 1.2kB DragVert.svelte
19 notice 1.7kB DribbbleBrand.svelte
19 notice 651B DropboxBrand.svelte
19 notice 651B Edit.svelte
19 notice 536B EditSolid.svelte
19 notice 1.0kB Explore.svelte
19 notice 1.1kB ExploreOff.svelte
19 notice 850B ExploreOffSolid.svelte
19 notice 767B ExploreSolid.svelte
19 notice 775B FacebookBrand.svelte
19 notice 890B FastForward.svelte
19 notice 630B FastForwardSolid.svelte
19 notice 895B FastRewind.svelte
19 notice 634B FastRewindSolid.svelte
19 notice 957B Favorite.svelte
19 notice 623B FavoriteSolid.svelte
19 notice 885B FigmaBrand.svelte
19 notice 705B File.svelte
19 notice 915B FileAdd.svelte
19 notice 817B FileAddSolid.svelte
19 notice 830B FileCheck.svelte
19 notice 700B FileCheckSolid.svelte
19 notice 916B FileClose.svelte
19 notice 756B FileCloseSolid.svelte
19 notice 886B FileNote.svelte
19 notice 813B FileNoteSolid.svelte
19 notice 796B FileRemove.svelte
19 notice 692B FileRemoveSolid.svelte
19 notice 573B FileSolid.svelte
19 notice 720B Filter.svelte
19 notice 501B FilterSolid.svelte
19 notice 675B FirebaseBrand.svelte
19 notice 1.2kB FirefoxBrand.svelte
19 notice 736B Folder.svelte
19 notice 947B FolderAdd.svelte
19 notice 807B FolderAddSolid.svelte
19 notice 863B FolderCheck.svelte
19 notice 688B FolderCheckSolid.svelte
19 notice 959B FolderClose.svelte
19 notice 762B FolderCloseSolid.svelte
19 notice 1.2kB FolderMore.svelte
19 notice 982B FolderMoreSolid.svelte
19 notice 921B FolderNote.svelte
19 notice 807B FolderNoteSolid.svelte
19 notice 829B FolderRemove.svelte
19 notice 682B FolderRemoveSolid.svelte
19 notice 562B FolderSolid.svelte
19 notice 574B FormatAlignBottomCenter.svelte
19 notice 572B FormatAlignBottomLeft.svelte
19 notice 574B FormatAlignBottomRight.svelte
19 notice 574B FormatAlignCenter.svelte
19 notice 572B FormatAlignJustify.svelte
19 notice 572B FormatAlignLeft.svelte
19 notice 576B FormatAlignRight.svelte
19 notice 574B FormatAlignTopCenter.svelte
19 notice 572B FormatAlignTopLeft.svelte
19 notice 575B FormatAlignTopRight.svelte
19 notice 748B FormatBold.svelte
19 notice 507B FormatItalic.svelte
19 notice 592B FormatSize.svelte
19 notice 956B FormatStrikethrough.svelte
19 notice 441B FormatTitle.svelte
19 notice 717B FormatUnderlined.svelte
19 notice 581B Forward.svelte
19 notice 1.4kB FoursquareBrand.svelte
19 notice 1.8kB GithubBrand.svelte
19 notice 1.4kB GitlabBrand.svelte
19 notice 1.0kB GoogleBrand.svelte
19 notice 943B GooglePlaystoreBrand.svelte
19 notice 1.0kB HandThumbDown.svelte
19 notice 762B HandThumbDownSolid.svelte
19 notice 1.1kB HandThumbUp.svelte
19 notice 845B HandThumbUpSolid.svelte
19 notice 991B Home.svelte
19 notice 637B HomeSolid.svelte
19 notice 615B Html5Brand.svelte
19 notice 1.2kB Image.svelte
19 notice 1.2kB ImageSolid.svelte
19 notice 1.2kB Inbox.svelte
19 notice 1.1kB InboxSolid.svelte
19 notice 566B Info.svelte
19 notice 994B InfoCircle.svelte
19 notice 747B InfoCircleSolid.svelte
19 notice 841B InstagramBrand.svelte
19 notice 819B Inventory.svelte
19 notice 1.0kB InventoryAdd.svelte
19 notice 904B InventoryAddSolid.svelte
19 notice 965B InventoryCheck.svelte
19 notice 787B InventoryCheckSolid.svelte
19 notice 1.0kB InventoryClose.svelte
19 notice 843B InventoryCloseSolid.svelte
19 notice 1.0kB InventoryNote.svelte
19 notice 900B InventoryNoteSolid.svelte
19 notice 911B InventoryRemove.svelte
19 notice 779B InventoryRemoveSolid.svelte
19 notice 660B InventorySolid.svelte
19 notice 1.2kB JavascriptBrand.svelte
19 notice 939B KeyBackspace.svelte
19 notice 727B KeyBackspaceSolid.svelte
19 notice 1.3kB KeyCommand.svelte
19 notice 598B KeySpaceBar.svelte
19 notice 1.3kB Language.svelte
19 notice 2.8kB LaravelBrand.svelte
19 notice 1.1kB LetterCUpperCircle.svelte
19 notice 846B LetterCUpperCircleSolid.svelte
19 notice 1.0kB LightBulb.svelte
19 notice 778B LightBulbSolid.svelte
19 notice 1.1kB Link.svelte
19 notice 1.1kB LinkedinBrand.svelte
19 notice 982B List.svelte
19 notice 1.1kB Location.svelte
19 notice 926B LocationCheck.svelte
19 notice 705B LocationCheckSolid.svelte
19 notice 1.0kB LocationClose.svelte
19 notice 784B LocationCloseSolid.svelte
19 notice 995B LocationOff.svelte
19 notice 732B LocationOffSolid.svelte
19 notice 690B LocationSolid.svelte
19 notice 1.1kB Lock.svelte
19 notice 1.2kB LockOpen.svelte
19 notice 1.1kB LockOpenSolid.svelte
19 notice 990B LockSolid.svelte
19 notice 994B Mail.svelte
19 notice 959B MailOpen.svelte
19 notice 823B MailOpenSolid.svelte
19 notice 859B MailSolid.svelte
19 notice 1.0kB MediumBrand.svelte
19 notice 726B Memo.svelte
19 notice 865B MemoAdd.svelte
19 notice 795B MemoAddSolid.svelte
19 notice 779B MemoCheck.svelte
19 notice 677B MemoCheckSolid.svelte
19 notice 877B MemoClose.svelte
19 notice 751B MemoCloseSolid.svelte
19 notice 839B MemoNote.svelte
19 notice 795B MemoNoteSolid.svelte
19 notice 745B MemoRemove.svelte
19 notice 671B MemoRemoveSolid.svelte
19 notice 568B MemoSolid.svelte
19 notice 572B Menu.svelte
19 notice 574B MenuCenter.svelte
19 notice 572B MenuLeft.svelte
19 notice 574B MenuRight.svelte
19 notice 1.0kB MetaBrand.svelte
19 notice 435B MicrosoftBrand.svelte
19 notice 971B Moon.svelte
19 notice 664B MoonSolid.svelte
19 notice 687B MoreHoriz.svelte
19 notice 1.2kB MoreHorizCircle.svelte
19 notice 926B MoreHorizCircleSolid.svelte
19 notice 705B MoreVert.svelte
19 notice 1.2kB MoreVertCircle.svelte
19 notice 962B MoreVertCircleSolid.svelte
19 notice 1.3kB MyLocation.svelte
19 notice 1.2kB MyLocationOff.svelte
19 notice 1.2kB MyLocationSolid.svelte
19 notice 604B Navigation.svelte
19 notice 510B NavigationSolid.svelte
19 notice 590B NearMe.svelte
19 notice 795B NearMeOff.svelte
19 notice 635B NearMeOffSolid.svelte
19 notice 479B NearMeSolid.svelte
19 notice 841B Notifications.svelte
19 notice 1.1kB NotificationsAdd.svelte
19 notice 974B NotificationsAddSolid.svelte
19 notice 968B NotificationsCheck.svelte
19 notice 856B NotificationsCheckSolid.svelte
19 notice 1.1kB NotificationsClose.svelte
19 notice 928B NotificationsCloseSolid.svelte
19 notice 924B NotificationsOff.svelte
19 notice 826B NotificationsOffSolid.svelte
19 notice 934B NotificationsRemove.svelte
19 notice 850B NotificationsRemoveSolid.svelte
19 notice 731B NotificationsSolid.svelte
19 notice 944B NotionBrand.svelte
19 notice 729B NpmBrand.svelte
19 notice 682B OpenInFull.svelte
19 notice 1.0kB OpenInNew.svelte
19 notice 913B Pause.svelte
19 notice 965B PauseCircle.svelte
19 notice 750B PauseCircleSolid.svelte
19 notice 518B PauseSolid.svelte
19 notice 1.2kB PaypalBrand.svelte
19 notice 875B Person.svelte
19 notice 1.3kB PersonCircle.svelte
19 notice 1.1kB PersonCircleSolid.svelte
19 notice 657B PersonSolid.svelte
19 notice 1.5kB PinterestBrand.svelte
19 notice 541B Play.svelte
19 notice 876B PlayCircle.svelte
19 notice 645B PlayCircleSolid.svelte
19 notice 418B PlaySolid.svelte
19 notice 3.0kB PlaystationBrand.svelte
19 notice 1.9kB PythonBrand.svelte
19 notice 806B Question.svelte
19 notice 1.2kB QuestionCircle.svelte
19 notice 969B QuestionCircleSolid.svelte
19 notice 4.4kB ReactBrand.svelte
19 notice 1.1kB README.md
19 notice 1.0kB Recode.svelte
19 notice 934B RecodeCircle.svelte
19 notice 716B RecodeCircleSolid.svelte
19 notice 813B RecodeSolid.svelte
19 notice 991B RedditBrand.svelte
19 notice 745B Redo.svelte
19 notice 929B Refresh.svelte
19 notice 388B Remove.svelte
19 notice 820B RemoveCircle.svelte
19 notice 629B RemoveCircleSolid.svelte
19 notice 542B Reply.svelte
19 notice 1.3kB RssFeed.svelte
19 notice 6.0kB SassBrand.svelte
19 notice 790B Search.svelte
19 notice 999B SearchAdd.svelte
19 notice 915B SearchCheck.svelte
19 notice 1.0kB SearchClose.svelte
19 notice 881B SearchRemove.svelte
19 notice 619B Send.svelte
19 notice 512B SendSolid.svelte
19 notice 2.6kB Setting.svelte
19 notice 1.6kB SettingSolid.svelte
19 notice 1.1kB Share.svelte
19 notice 1.1kB ShareArrow.svelte
19 notice 923B ShareSolid.svelte
19 notice 676B Shield.svelte
19 notice 885B ShieldAdd.svelte
19 notice 715B ShieldAddSolid.svelte
19 notice 801B ShieldCheck.svelte
19 notice 597B ShieldCheckSolid.svelte
19 notice 898B ShieldClose.svelte
19 notice 670B ShieldCloseSolid.svelte
19 notice 861B ShieldNote.svelte
19 notice 715B ShieldNoteSolid.svelte
19 notice 864B ShieldOff.svelte
19 notice 638B ShieldOffSolid.svelte
19 notice 767B ShieldRemove.svelte
19 notice 590B ShieldRemoveSolid.svelte
19 notice 471B ShieldSolid.svelte
19 notice 901B ShoppingBag.svelte
19 notice 774B ShoppingBagSolid.svelte
19 notice 1.0kB ShoppingCart.svelte
19 notice 898B ShoppingCartSolid.svelte
19 notice 712B SkipNext.svelte
19 notice 581B SkipNextSolid.svelte
19 notice 721B SkipPrevious.svelte
19 notice 587B SkipPreviousSolid.svelte
19 notice 3.0kB SkypeBrand.svelte
19 notice 1.7kB SnapchatBrand.svelte
19 notice 3.6kB SoundcloudBrand.svelte
19 notice 895B SpotifyBrand.svelte
19 notice 664B StackoverflowBrand.svelte
19 notice 1.6kB StampCheck.svelte
19 notice 1.0kB StampCheckSolid.svelte
19 notice 1.7kB StampClose.svelte
19 notice 1.1kB StampCloseSolid.svelte
19 notice 1.1kB Star.svelte
19 notice 1.3kB StarHalf.svelte
19 notice 707B StarSolid.svelte
19 notice 806B Stop.svelte
19 notice 898B StopCircle.svelte
19 notice 678B StopCircleSolid.svelte
19 notice 684B StopSolid.svelte
19 notice 1.2kB Store.svelte
19 notice 928B StoreSolid.svelte
19 notice 1.8kB Sun.svelte
19 notice 1.6kB SunSolid.svelte
19 notice 667B SwapHoriz.svelte
19 notice 702B SwapVert.svelte
19 notice 1.0kB Sync.svelte
19 notice 1.7kB TiktokBrand.svelte
19 notice 955B Timer.svelte
19 notice 949B TimerOff.svelte
19 notice 740B TimerOffSolid.svelte
19 notice 751B TimerSolid.svelte
19 notice 1.2kB Truck.svelte
19 notice 1.1kB TruckSolid.svelte
19 notice 463B TwitchBrand.svelte
19 notice 1.1kB TwitterBrand.svelte
19 notice 704B Undo.svelte
19 notice 579B UnfoldLess.svelte
19 notice 596B UnfoldMore.svelte
19 notice 1.1kB Update.svelte
19 notice 988B Videocam.svelte
19 notice 779B VideocamSolid.svelte
19 notice 1.3kB ViewGrid.svelte
19 notice 853B ViewGridSolid.svelte
19 notice 872B ViewList.svelte
19 notice 895B ViewTable.svelte
19 notice 1.2kB Visibility.svelte
19 notice 1.3kB VisibilityOff.svelte
19 notice 1.0kB VisibilityOffSolid.svelte
19 notice 867B VisibilitySolid.svelte
19 notice 569B Warning.svelte
19 notice 1.0kB WarningCircle.svelte
19 notice 749B WarningCircleSolid.svelte
19 notice 2.0kB WechatBrand.svelte
19 notice 2.0kB WhatsappBrand.svelte
19 notice 1.2kB Wifi.svelte
19 notice 415B WindowsBrand.svelte
19 notice 2.2kB WordpressBrand.svelte
19 notice 1.2kB XboxBrand.svelte
19 notice 966B YoutubeBrand.svelte
19 notice 267.4kB icons.json
19 notice 34.1kB index.js
19 notice 544B package.json
20 notice Tarball Details
21 notice name: @bangalicon/svelte
22 notice version: 1.0.9
23 notice filename: bangalicon-svelte-1.0.9.tgz
24 notice package size: 97.9 kB
25 notice unpacked size: 784.0 kB
26 notice shasum: aa406ab8d395b17b65cd691ff72369e095e52840
27 notice integrity: sha512-+dM9ZQsai95qc[...]kviM/w0bOVHJg==
28 notice total files: 524
29 notice
30 http fetch GET 200 https://registry.npmjs.org/@bangalicon%2fsvelte 902ms (cache miss)
31 notice Publishing to https://registry.npmjs.org/ with tag latest and public access
32 http fetch PUT 200 https://registry.npmjs.org/@bangalicon%2fsvelte 1557ms
33 verbose cwd D:\Web Project\Bangalicon\ban-5.0.0\bangalicon-backend\svelte-icons
34 verbose os Windows_NT 10.0.26200
35 verbose node v24.11.1
36 verbose npm  v11.11.0
37 verbose exit 0
38 info ok
