0 verbose cli C:\Program Files\nodejs\node.exe C:\Users\Mizuki Sama\AppData\Roaming\npm\node_modules\npm\bin\npm-cli.js
1 info using npm@11.11.0
2 info using node@v24.11.1
3 silly config load:file:C:\Users\Mizuki Sama\AppData\Roaming\npm\node_modules\npm\npmrc
4 silly config load:file:D:\Web Project\Bangalicon\ban-5.0.0\bangalicon-backend\svelte-icons\.npmrc
5 silly config load:file:C:\Users\Mizuki Sama\.npmrc
6 silly config load:file:C:\Users\Mizuki Sama\AppData\Roaming\npm\etc\npmrc
7 verbose title npm publish
8 verbose argv "publish" "--access" "public" "--registry" "https://registry.npmjs.org"
9 verbose logfile logs-max:10 dir:D:\Web Project\Bangalicon\ban-5.0.0\bangalicon-backend\.npm-cache\_logs\2026-08-05T16_13_18_407Z-
10 verbose logfile D:\Web Project\Bangalicon\ban-5.0.0\bangalicon-backend\.npm-cache\_logs\2026-08-05T16_13_18_407Z-debug-0.log
11 warn Unknown project config "always-auth". This will stop working in the next major version of npm. See `npm help npmrc` for supported config options.
12 silly logfile start cleaning logs, removing 1 files
13 verbose publish [ '.' ]
14 silly logfile done cleaning log files
15 silly packumentCache heap:4496293888 maxSize:1124073472 maxEntrySize:562036736
16 notice
17 notice package: @bangalicon/svelte@1.0.2
18 notice Tarball Contents
19 notice 1.3kB AddCircleSolid.svelte
19 notice 626B Bucket.svelte
19 notice 1.2kB CarBolt.svelte
19 notice 672B CartCheck.svelte
19 notice 873B CheckCircle.svelte
19 notice 650B CheckCircleSoliFd.svelte
19 notice 614B Couch.svelte
19 notice 803B DoorOpenAlt.svelte
19 notice 513B FolderMinus.svelte
19 notice 1.1kB README.md
19 notice 3.8kB icons.json
19 notice 551B index.js
19 notice 544B package.json
20 notice Tarball Details
21 notice name: @bangalicon/svelte
22 notice version: 1.0.2
23 notice filename: bangalicon-svelte-1.0.2.tgz
24 notice package size: 3.4 kB
25 notice unpacked size: 13.3 kB
26 notice shasum: fcb27c84d633312fd19271b9f78623ce69598cce
27 notice integrity: sha512-5/COPyhBptX29[...]hY1YQg3wHkPDQ==
28 notice total files: 13
29 notice
30 http fetch GET 200 https://registry.npmjs.org/@bangalicon%2fsvelte 1515ms (cache miss)
31 notice Publishing to https://registry.npmjs.org/ with tag latest and public access
32 http fetch PUT 200 https://registry.npmjs.org/@bangalicon%2fsvelte 1354ms
33 verbose cwd D:\Web Project\Bangalicon\ban-5.0.0\bangalicon-backend\svelte-icons
34 verbose os Windows_NT 10.0.26200
35 verbose node v24.11.1
36 verbose npm  v11.11.0
37 verbose exit 0
38 info ok
