0 verbose cli C:\Program Files\nodejs\node.exe C:\Users\Mizuki Sama\AppData\Roaming\npm\node_modules\npm\bin\npm-cli.js
1 info using npm@11.11.0
2 info using node@v24.11.1
3 silly config load:file:C:\Users\Mizuki Sama\AppData\Roaming\npm\node_modules\npm\npmrc
4 silly config load:file:D:\Web Project\Bangalicon\ban-5.0.0\bangalicon-backend\react-icons\.npmrc
5 silly config load:file:C:\Users\Mizuki Sama\.npmrc
6 silly config load:file:C:\Users\Mizuki Sama\AppData\Roaming\npm\etc\npmrc
7 verbose title npm publish
8 verbose argv "publish" "--access" "public" "--registry" "https://registry.npmjs.org"
9 verbose logfile logs-max:10 dir:D:\Web Project\Bangalicon\ban-5.0.0\bangalicon-backend\.npm-cache\_logs\2026-08-05T19_23_51_236Z-
10 verbose logfile D:\Web Project\Bangalicon\ban-5.0.0\bangalicon-backend\.npm-cache\_logs\2026-08-05T19_23_51_236Z-debug-0.log
11 warn Unknown project config "always-auth". This will stop working in the next major version of npm. See `npm help npmrc` for supported config options.
12 silly logfile start cleaning logs, removing 1 files
13 verbose publish [ '.' ]
14 silly logfile done cleaning log files
15 silly packumentCache heap:4496293888 maxSize:1124073472 maxEntrySize:562036736
16 notice
17 notice package: @bangalicon/react@1.0.4
18 notice Tarball Contents
19 notice 196B AddCircleSolid.d.ts
19 notice 1.5kB AddCircleSolid.js
19 notice 182B CarBolt.d.ts
19 notice 1.3kB CarBolt.js
19 notice 186B CartCheck.d.ts
19 notice 794B CartCheck.js
19 notice 190B CheckCircle.d.ts
19 notice 999B CheckCircle.js
19 notice 202B CheckCircleSoliFd.d.ts
19 notice 788B CheckCircleSoliFd.js
19 notice 190B DoorOpenAlt.d.ts
19 notice 929B DoorOpenAlt.js
19 notice 190B FolderMinus.d.ts
19 notice 639B FolderMinus.js
19 notice 1.2kB README.md
19 notice 3.0kB icons.json
19 notice 398B index.d.ts
19 notice 419B index.js
19 notice 652B package.json
20 notice Tarball Details
21 notice name: @bangalicon/react
22 notice version: 1.0.4
23 notice filename: bangalicon-react-1.0.4.tgz
24 notice package size: 3.6 kB
25 notice unpacked size: 14.0 kB
26 notice shasum: b6249ac60ffe0f5fd3ca9421a4524e88e9299e01
27 notice integrity: sha512-U3H5fg0mhCd0s[...]w01djHmalCSSw==
28 notice total files: 19
29 notice
30 http fetch GET 200 https://registry.npmjs.org/@bangalicon%2freact 1203ms (cache miss)
31 notice Publishing to https://registry.npmjs.org/ with tag latest and public access
32 http fetch PUT 200 https://registry.npmjs.org/@bangalicon%2freact 1404ms
33 verbose cwd D:\Web Project\Bangalicon\ban-5.0.0\bangalicon-backend\react-icons
34 verbose os Windows_NT 10.0.26200
35 verbose node v24.11.1
36 verbose npm  v11.11.0
37 verbose exit 0
38 info ok
