0 verbose cli C:\Program Files\nodejs\node.exe C:\Users\Mizuki Sama\AppData\Roaming\npm\node_modules\npm\bin\npm-cli.js
1 info using npm@11.11.0
2 info using node@v24.11.1
3 silly config load:file:C:\Users\Mizuki Sama\AppData\Roaming\npm\node_modules\npm\npmrc
4 silly config load:file:D:\Web Project\Bangalicon\ban-5.0.0\bangalicon-backend\vue-icons\.npmrc
5 silly config load:file:C:\Users\Mizuki Sama\.npmrc
6 silly config load:file:C:\Users\Mizuki Sama\AppData\Roaming\npm\etc\npmrc
7 verbose title npm publish
8 verbose argv "publish" "--access" "public" "--registry" "https://registry.npmjs.org"
9 verbose logfile logs-max:10 dir:D:\Web Project\Bangalicon\ban-5.0.0\bangalicon-backend\.npm-cache\_logs\2026-08-06T07_46_14_178Z-
10 verbose logfile D:\Web Project\Bangalicon\ban-5.0.0\bangalicon-backend\.npm-cache\_logs\2026-08-06T07_46_14_178Z-debug-0.log
11 warn Unknown project config "always-auth". This will stop working in the next major version of npm. See `npm help npmrc` for supported config options.
12 silly logfile start cleaning logs, removing 1 files
13 verbose publish [ '.' ]
14 silly logfile done cleaning log files
15 silly packumentCache heap:4496293888 maxSize:1124073472 maxEntrySize:562036736
16 notice
17 notice package: @bangalicon/vue@1.0.9
18 notice Tarball Contents
19 notice 579B Add.vue
19 notice 1.0kB AddCircle.vue
19 notice 833B AddCircleSolid.vue
19 notice 1.1kB AddSquare.vue
19 notice 1.0kB AddSquareSolid.vue
19 notice 1.2kB Alarm.vue
19 notice 1.2kB AlarmCheck.vue
19 notice 946B AlarmCheckSolid.vue
19 notice 1.2kB AlarmClose.vue
19 notice 1.0kB AlarmCloseSolid.vue
19 notice 1.2kB AlarmOff.vue
19 notice 912B AlarmOffSolid.vue
19 notice 973B AlarmSolid.vue
19 notice 1.6kB AlipayBrand.vue
19 notice 2.2kB AmazonBrand.vue
19 notice 601B AmplifyBrand.vue
19 notice 823B AndroidBrand.vue
19 notice 569B AngularBrand.vue
19 notice 1.5kB AppleAppstoreBrand.vue
19 notice 1.2kB AppleBrand.vue
19 notice 1.6kB Apps.vue
19 notice 866B ArrowAlignCenterHoriz.vue
19 notice 849B ArrowAlignCenterVert.vue
19 notice 573B ArrowAlignDown.vue
19 notice 536B ArrowAlignLeft.vue
19 notice 589B ArrowAlignRight.vue
19 notice 580B ArrowAlignUp.vue
19 notice 573B ArrowDown.vue
19 notice 1.0kB ArrowDownCircle.vue
19 notice 794B ArrowDownCircleSolid.vue
19 notice 572B ArrowDownLeft.vue
19 notice 1.0kB ArrowDownLeftCircle.vue
19 notice 830B ArrowDownLeftCircleSolid.vue
19 notice 595B ArrowDownRight.vue
19 notice 1.0kB ArrowDownRightCircle.vue
19 notice 788B ArrowDownRightCircleSolid.vue
19 notice 512B ArrowDropDown.vue
19 notice 942B ArrowDropDownCircle.vue
19 notice 714B ArrowDropDownCircleSolid.vue
19 notice 1.0kB ArrowDropDownSquare.vue
19 notice 895B ArrowDropDownSquareSolid.vue
19 notice 541B ArrowDropLeft.vue
19 notice 971B ArrowDropLeftCircle.vue
19 notice 755B ArrowDropLeftCircleSolid.vue
19 notice 1.1kB ArrowDropLeftSquare.vue
19 notice 938B ArrowDropLeftSquareSolid.vue
19 notice 503B ArrowDropRight.vue
19 notice 934B ArrowDropRightCircle.vue
19 notice 698B ArrowDropRightCircleSolid.vue
19 notice 1.0kB ArrowDropRightSquare.vue
19 notice 880B ArrowDropRightSquareSolid.vue
19 notice 496B ArrowDropUp.vue
19 notice 924B ArrowDropUpCircle.vue
19 notice 720B ArrowDropUpCircleSolid.vue
19 notice 1.0kB ArrowDropUpSquare.vue
19 notice 902B ArrowDropUpSquareSolid.vue
19 notice 675B ArrowEndDown.vue
19 notice 666B ArrowEndLeft.vue
19 notice 681B ArrowEndRight.vue
19 notice 643B ArrowEndUp.vue
19 notice 884B ArrowInDown.vue
19 notice 819B ArrowInLeft.vue
19 notice 870B ArrowInRight.vue
19 notice 807B ArrowInUp.vue
19 notice 504B ArrowKeyDown.vue
19 notice 934B ArrowKeyDownCircle.vue
19 notice 704B ArrowKeyDownCircleSolid.vue
19 notice 491B ArrowKeyLeft.vue
19 notice 917B ArrowKeyLeftCircle.vue
19 notice 708B ArrowKeyLeftCircleSolid.vue
19 notice 537B ArrowKeyRight.vue
19 notice 957B ArrowKeyRightCircle.vue
19 notice 695B ArrowKeyRightCircleSolid.vue
19 notice 500B ArrowKeyUp.vue
19 notice 958B ArrowKeyUpCircle.vue
19 notice 697B ArrowKeyUpCircleSolid.vue
19 notice 536B ArrowLeft.vue
19 notice 985B ArrowLeftCircle.vue
19 notice 795B ArrowLeftCircleSolid.vue
19 notice 844B ArrowOutDown.vue
19 notice 850B ArrowOutLeft.vue
19 notice 837B ArrowOutRight.vue
19 notice 855B ArrowOutUp.vue
19 notice 589B ArrowRight.vue
19 notice 1.0kB ArrowRightCircle.vue
19 notice 763B ArrowRightCircleSolid.vue
19 notice 678B ArrowStartDown.vue
19 notice 661B ArrowStartLeft.vue
19 notice 683B ArrowStartRight.vue
19 notice 645B ArrowStartUp.vue
19 notice 576B ArrowUp.vue
19 notice 991B ArrowUpCircle.vue
19 notice 764B ArrowUpCircleSolid.vue
19 notice 538B ArrowUpLeft.vue
19 notice 970B ArrowUpLeftCircle.vue
19 notice 783B ArrowUpLeftCircleSolid.vue
19 notice 593B ArrowUpRight.vue
19 notice 1.0kB ArrowUpRightCircle.vue
19 notice 737B ArrowUpRightCircleSolid.vue
19 notice 1.5kB BehanceBrand.vue
19 notice 2.2kB BitcoinBrand.vue
19 notice 675B BluetoothBrand.vue
19 notice 873B Bolt.vue
19 notice 597B BoltSolid.vue
19 notice 822B Bookmark.vue
19 notice 1.0kB BookmarkAdd.vue
19 notice 867B BookmarkAddSolid.vue
19 notice 947B BookmarkCheck.vue
19 notice 748B BookmarkCheckSolid.vue
19 notice 1.0kB BookmarkClose.vue
19 notice 822B BookmarkCloseSolid.vue
19 notice 1.0kB BookmarkNote.vue
19 notice 867B BookmarkNoteSolid.vue
19 notice 913B BookmarkRemove.vue
19 notice 742B BookmarkRemoveSolid.vue
19 notice 622B BookmarkSolid.vue
19 notice 1.7kB BufferBrand.vue
19 notice 1.1kB Call.vue
19 notice 758B CallSolid.vue
19 notice 1.3kB Camera.vue
19 notice 1.1kB CameraSolid.vue
19 notice 622B Card.vue
19 notice 521B CardSolid.vue
19 notice 1.1kB Category.vue
19 notice 791B CategorySolid.vue
19 notice 891B Chat.vue
19 notice 779B Chat2.vue
19 notice 988B Chat2Add.vue
19 notice 840B Chat2AddSolid.vue
19 notice 904B Chat2Check.vue
19 notice 722B Chat2CheckSolid.vue
19 notice 1.0kB Chat2Close.vue
19 notice 795B Chat2CloseSolid.vue
19 notice 1.0kB Chat2Info.vue
19 notice 816B Chat2InfoSolid.vue
19 notice 1.2kB Chat2More.vue
19 notice 1.0kB Chat2MoreSolid.vue
19 notice 964B Chat2Note.vue
19 notice 840B Chat2NoteSolid.vue
19 notice 1.3kB Chat2Question.vue
19 notice 1.1kB Chat2QuestionSolid.vue
19 notice 870B Chat2Remove.vue
19 notice 715B Chat2RemoveSolid.vue
19 notice 596B Chat2Solid.vue
19 notice 1.0kB Chat2Warning.vue
19 notice 813B Chat2WarningSolid.vue
19 notice 1.1kB ChatAdd.vue
19 notice 878B ChatAddSolid.vue
19 notice 1.0kB ChatCheck.vue
19 notice 760B ChatCheckSolid.vue
19 notice 1.1kB ChatClose.vue
19 notice 832B ChatCloseSolid.vue
19 notice 1.3kB ChatMore.vue
19 notice 1.1kB ChatMoreSolid.vue
19 notice 1.1kB ChatNote.vue
19 notice 879B ChatNoteSolid.vue
19 notice 982B ChatRemove.vue
19 notice 754B ChatRemoveSolid.vue
19 notice 635B ChatSolid.vue
19 notice 493B Check.vue
19 notice 926B CheckCircle.vue
19 notice 703B CheckCircleSolid.vue
19 notice 1.3kB ChromeBrand.vue
19 notice 973B Clock.vue
19 notice 757B ClockSolid.vue
19 notice 575B Close.vue
19 notice 1.0kB CloseCircle.vue
19 notice 775B CloseCircleSolid.vue
19 notice 754B CloseFullscreen.vue
19 notice 1.0kB Cloud.vue
19 notice 679B CloudSolid.vue
19 notice 2.2kB CodepenBrand.vue
19 notice 1.3kB ContentCopy.vue
19 notice 1.1kB ContentCopySolid.vue
19 notice 1.2kB Coupon.vue
19 notice 1.0kB CouponCheck.vue
19 notice 801B CouponCheckSolid.vue
19 notice 1.1kB CouponClose.vue
19 notice 859B CouponCloseSolid.vue
19 notice 1.0kB CouponSolid.vue
19 notice 677B Css3Brand.vue
19 notice 1.1kB Date.vue
19 notice 1.3kB DateAdd.vue
19 notice 1.3kB DateAddSolid.vue
19 notice 1.2kB DateCheck.vue
19 notice 1.2kB DateCheckSolid.vue
19 notice 1.3kB DateClose.vue
19 notice 1.3kB DateCloseSolid.vue
19 notice 1.4kB DateInfo.vue
19 notice 1.3kB DateInfoSolid.vue
19 notice 1.6kB DateMore.vue
19 notice 1.5kB DateMoreSolid.vue
19 notice 1.3kB DateNote.vue
19 notice 1.2kB DateNoteSolid.vue
19 notice 1.6kB DateQuestion.vue
19 notice 1.6kB DateQuestionSolid.vue
19 notice 2.0kB DateRange.vue
19 notice 1.9kB DateRangeSolid.vue
19 notice 1.2kB DateRemove.vue
19 notice 1.1kB DateRemoveSolid.vue
19 notice 1.1kB DateSolid.vue
19 notice 1.2kB DateToday.vue
19 notice 1.2kB DateTodaySolid.vue
19 notice 1.4kB DateWarning.vue
19 notice 1.3kB DateWarningSolid.vue
19 notice 910B Delete.vue
19 notice 1.1kB DeleteAdd.vue
19 notice 1.1kB DeleteAddSolid.vue
19 notice 1.0kB DeleteCheck.vue
19 notice 961B DeleteCheckSolid.vue
19 notice 1.1kB DeleteClose.vue
19 notice 1.0kB DeleteCloseSolid.vue
19 notice 1.0kB DeleteRemove.vue
19 notice 952B DeleteRemoveSolid.vue
19 notice 834B DeleteSolid.vue
19 notice 614B DeviantartBrand.vue
19 notice 931B DiscordBrand.vue
19 notice 3.1kB DockerBrand.vue
19 notice 1.2kB DragHoriz.vue
19 notice 1.2kB DragVert.vue
19 notice 1.7kB DribbbleBrand.vue
19 notice 724B DropboxBrand.vue
19 notice 724B Edit.vue
19 notice 609B EditSolid.vue
19 notice 1.1kB Explore.vue
19 notice 1.2kB ExploreOff.vue
19 notice 923B ExploreOffSolid.vue
19 notice 840B ExploreSolid.vue
19 notice 848B FacebookBrand.vue
19 notice 963B FastForward.vue
19 notice 703B FastForwardSolid.vue
19 notice 968B FastRewind.vue
19 notice 707B FastRewindSolid.vue
19 notice 1.0kB Favorite.vue
19 notice 696B FavoriteSolid.vue
19 notice 958B FigmaBrand.vue
19 notice 778B File.vue
19 notice 988B FileAdd.vue
19 notice 890B FileAddSolid.vue
19 notice 903B FileCheck.vue
19 notice 773B FileCheckSolid.vue
19 notice 989B FileClose.vue
19 notice 829B FileCloseSolid.vue
19 notice 959B FileNote.vue
19 notice 886B FileNoteSolid.vue
19 notice 869B FileRemove.vue
19 notice 765B FileRemoveSolid.vue
19 notice 646B FileSolid.vue
19 notice 793B Filter.vue
19 notice 574B FilterSolid.vue
19 notice 748B FirebaseBrand.vue
19 notice 1.3kB FirefoxBrand.vue
19 notice 809B Folder.vue
19 notice 1.0kB FolderAdd.vue
19 notice 880B FolderAddSolid.vue
19 notice 936B FolderCheck.vue
19 notice 761B FolderCheckSolid.vue
19 notice 1.0kB FolderClose.vue
19 notice 835B FolderCloseSolid.vue
19 notice 1.3kB FolderMore.vue
19 notice 1.1kB FolderMoreSolid.vue
19 notice 994B FolderNote.vue
19 notice 880B FolderNoteSolid.vue
19 notice 902B FolderRemove.vue
19 notice 755B FolderRemoveSolid.vue
19 notice 635B FolderSolid.vue
19 notice 647B FormatAlignBottomCenter.vue
19 notice 645B FormatAlignBottomLeft.vue
19 notice 647B FormatAlignBottomRight.vue
19 notice 647B FormatAlignCenter.vue
19 notice 645B FormatAlignJustify.vue
19 notice 645B FormatAlignLeft.vue
19 notice 649B FormatAlignRight.vue
19 notice 647B FormatAlignTopCenter.vue
19 notice 645B FormatAlignTopLeft.vue
19 notice 648B FormatAlignTopRight.vue
19 notice 821B FormatBold.vue
19 notice 580B FormatItalic.vue
19 notice 665B FormatSize.vue
19 notice 1.0kB FormatStrikethrough.vue
19 notice 514B FormatTitle.vue
19 notice 790B FormatUnderlined.vue
19 notice 654B Forward.vue
19 notice 1.5kB FoursquareBrand.vue
19 notice 1.9kB GithubBrand.vue
19 notice 1.5kB GitlabBrand.vue
19 notice 1.1kB GoogleBrand.vue
19 notice 1.0kB GooglePlaystoreBrand.vue
19 notice 1.1kB HandThumbDown.vue
19 notice 835B HandThumbDownSolid.vue
19 notice 1.2kB HandThumbUp.vue
19 notice 918B HandThumbUpSolid.vue
19 notice 1.1kB Home.vue
19 notice 710B HomeSolid.vue
19 notice 688B Html5Brand.vue
19 notice 1.3kB Image.vue
19 notice 1.2kB ImageSolid.vue
19 notice 1.2kB Inbox.vue
19 notice 1.2kB InboxSolid.vue
19 notice 639B Info.vue
19 notice 1.1kB InfoCircle.vue
19 notice 820B InfoCircleSolid.vue
19 notice 914B InstagramBrand.vue
19 notice 892B Inventory.vue
19 notice 1.1kB InventoryAdd.vue
19 notice 977B InventoryAddSolid.vue
19 notice 1.0kB InventoryCheck.vue
19 notice 860B InventoryCheckSolid.vue
19 notice 1.1kB InventoryClose.vue
19 notice 916B InventoryCloseSolid.vue
19 notice 1.1kB InventoryNote.vue
19 notice 973B InventoryNoteSolid.vue
19 notice 984B InventoryRemove.vue
19 notice 852B InventoryRemoveSolid.vue
19 notice 733B InventorySolid.vue
19 notice 1.3kB JavascriptBrand.vue
19 notice 1.0kB KeyBackspace.vue
19 notice 800B KeyBackspaceSolid.vue
19 notice 1.4kB KeyCommand.vue
19 notice 671B KeySpaceBar.vue
19 notice 1.4kB Language.vue
19 notice 2.9kB LaravelBrand.vue
19 notice 1.1kB LetterCUpperCircle.vue
19 notice 919B LetterCUpperCircleSolid.vue
19 notice 1.1kB LightBulb.vue
19 notice 851B LightBulbSolid.vue
19 notice 1.2kB Link.vue
19 notice 1.2kB LinkedinBrand.vue
19 notice 1.1kB List.vue
19 notice 1.1kB Location.vue
19 notice 999B LocationCheck.vue
19 notice 778B LocationCheckSolid.vue
19 notice 1.1kB LocationClose.vue
19 notice 857B LocationCloseSolid.vue
19 notice 1.1kB LocationOff.vue
19 notice 805B LocationOffSolid.vue
19 notice 763B LocationSolid.vue
19 notice 1.2kB Lock.vue
19 notice 1.3kB LockOpen.vue
19 notice 1.1kB LockOpenSolid.vue
19 notice 1.1kB LockSolid.vue
19 notice 1.1kB Mail.vue
19 notice 1.0kB MailOpen.vue
19 notice 896B MailOpenSolid.vue
19 notice 932B MailSolid.vue
19 notice 1.1kB MediumBrand.vue
19 notice 799B Memo.vue
19 notice 938B MemoAdd.vue
19 notice 868B MemoAddSolid.vue
19 notice 852B MemoCheck.vue
19 notice 750B MemoCheckSolid.vue
19 notice 950B MemoClose.vue
19 notice 824B MemoCloseSolid.vue
19 notice 912B MemoNote.vue
19 notice 868B MemoNoteSolid.vue
19 notice 818B MemoRemove.vue
19 notice 744B MemoRemoveSolid.vue
19 notice 641B MemoSolid.vue
19 notice 645B Menu.vue
19 notice 647B MenuCenter.vue
19 notice 645B MenuLeft.vue
19 notice 647B MenuRight.vue
19 notice 1.1kB MetaBrand.vue
19 notice 508B MicrosoftBrand.vue
19 notice 1.0kB Moon.vue
19 notice 737B MoonSolid.vue
19 notice 760B MoreHoriz.vue
19 notice 1.3kB MoreHorizCircle.vue
19 notice 999B MoreHorizCircleSolid.vue
19 notice 778B MoreVert.vue
19 notice 1.2kB MoreVertCircle.vue
19 notice 1.0kB MoreVertCircleSolid.vue
19 notice 1.4kB MyLocation.vue
19 notice 1.2kB MyLocationOff.vue
19 notice 1.3kB MyLocationSolid.vue
19 notice 677B Navigation.vue
19 notice 583B NavigationSolid.vue
19 notice 663B NearMe.vue
19 notice 868B NearMeOff.vue
19 notice 708B NearMeOffSolid.vue
19 notice 552B NearMeSolid.vue
19 notice 914B Notifications.vue
19 notice 1.1kB NotificationsAdd.vue
19 notice 1.0kB NotificationsAddSolid.vue
19 notice 1.0kB NotificationsCheck.vue
19 notice 929B NotificationsCheckSolid.vue
19 notice 1.2kB NotificationsClose.vue
19 notice 1.0kB NotificationsCloseSolid.vue
19 notice 997B NotificationsOff.vue
19 notice 899B NotificationsOffSolid.vue
19 notice 1.0kB NotificationsRemove.vue
19 notice 923B NotificationsRemoveSolid.vue
19 notice 804B NotificationsSolid.vue
19 notice 1.0kB NotionBrand.vue
19 notice 802B NpmBrand.vue
19 notice 755B OpenInFull.vue
19 notice 1.1kB OpenInNew.vue
19 notice 986B Pause.vue
19 notice 1.0kB PauseCircle.vue
19 notice 823B PauseCircleSolid.vue
19 notice 591B PauseSolid.vue
19 notice 1.3kB PaypalBrand.vue
19 notice 948B Person.vue
19 notice 1.4kB PersonCircle.vue
19 notice 1.2kB PersonCircleSolid.vue
19 notice 730B PersonSolid.vue
19 notice 1.6kB PinterestBrand.vue
19 notice 614B Play.vue
19 notice 949B PlayCircle.vue
19 notice 718B PlayCircleSolid.vue
19 notice 491B PlaySolid.vue
19 notice 3.0kB PlaystationBrand.vue
19 notice 1.9kB PythonBrand.vue
19 notice 879B Question.vue
19 notice 1.3kB QuestionCircle.vue
19 notice 1.0kB QuestionCircleSolid.vue
19 notice 4.5kB ReactBrand.vue
19 notice 1.1kB README.md
19 notice 1.1kB Recode.vue
19 notice 1.0kB RecodeCircle.vue
19 notice 789B RecodeCircleSolid.vue
19 notice 886B RecodeSolid.vue
19 notice 1.1kB RedditBrand.vue
19 notice 818B Redo.vue
19 notice 1.0kB Refresh.vue
19 notice 461B Remove.vue
19 notice 893B RemoveCircle.vue
19 notice 702B RemoveCircleSolid.vue
19 notice 615B Reply.vue
19 notice 1.4kB RssFeed.vue
19 notice 6.0kB SassBrand.vue
19 notice 863B Search.vue
19 notice 1.1kB SearchAdd.vue
19 notice 988B SearchCheck.vue
19 notice 1.1kB SearchClose.vue
19 notice 954B SearchRemove.vue
19 notice 692B Send.vue
19 notice 585B SendSolid.vue
19 notice 2.7kB Setting.vue
19 notice 1.6kB SettingSolid.vue
19 notice 1.2kB Share.vue
19 notice 1.1kB ShareArrow.vue
19 notice 996B ShareSolid.vue
19 notice 749B Shield.vue
19 notice 958B ShieldAdd.vue
19 notice 788B ShieldAddSolid.vue
19 notice 874B ShieldCheck.vue
19 notice 670B ShieldCheckSolid.vue
19 notice 971B ShieldClose.vue
19 notice 743B ShieldCloseSolid.vue
19 notice 934B ShieldNote.vue
19 notice 788B ShieldNoteSolid.vue
19 notice 937B ShieldOff.vue
19 notice 711B ShieldOffSolid.vue
19 notice 840B ShieldRemove.vue
19 notice 663B ShieldRemoveSolid.vue
19 notice 544B ShieldSolid.vue
19 notice 974B ShoppingBag.vue
19 notice 847B ShoppingBagSolid.vue
19 notice 1.1kB ShoppingCart.vue
19 notice 971B ShoppingCartSolid.vue
19 notice 785B SkipNext.vue
19 notice 654B SkipNextSolid.vue
19 notice 794B SkipPrevious.vue
19 notice 660B SkipPreviousSolid.vue
19 notice 3.0kB SkypeBrand.vue
19 notice 1.7kB SnapchatBrand.vue
19 notice 3.7kB SoundcloudBrand.vue
19 notice 968B SpotifyBrand.vue
19 notice 737B StackoverflowBrand.vue
19 notice 1.6kB StampCheck.vue
19 notice 1.1kB StampCheckSolid.vue
19 notice 1.7kB StampClose.vue
19 notice 1.2kB StampCloseSolid.vue
19 notice 1.2kB Star.vue
19 notice 1.4kB StarHalf.vue
19 notice 780B StarSolid.vue
19 notice 879B Stop.vue
19 notice 971B StopCircle.vue
19 notice 751B StopCircleSolid.vue
19 notice 757B StopSolid.vue
19 notice 1.2kB Store.vue
19 notice 1.0kB StoreSolid.vue
19 notice 1.9kB Sun.vue
19 notice 1.7kB SunSolid.vue
19 notice 740B SwapHoriz.vue
19 notice 775B SwapVert.vue
19 notice 1.1kB Sync.vue
19 notice 1.7kB TiktokBrand.vue
19 notice 1.0kB Timer.vue
19 notice 1.0kB TimerOff.vue
19 notice 813B TimerOffSolid.vue
19 notice 824B TimerSolid.vue
19 notice 1.3kB Truck.vue
19 notice 1.2kB TruckSolid.vue
19 notice 536B TwitchBrand.vue
19 notice 1.1kB TwitterBrand.vue
19 notice 777B Undo.vue
19 notice 652B UnfoldLess.vue
19 notice 669B UnfoldMore.vue
19 notice 1.2kB Update.vue
19 notice 1.1kB Videocam.vue
19 notice 852B VideocamSolid.vue
19 notice 1.4kB ViewGrid.vue
19 notice 926B ViewGridSolid.vue
19 notice 945B ViewList.vue
19 notice 968B ViewTable.vue
19 notice 1.2kB Visibility.vue
19 notice 1.3kB VisibilityOff.vue
19 notice 1.1kB VisibilityOffSolid.vue
19 notice 940B VisibilitySolid.vue
19 notice 642B Warning.vue
19 notice 1.1kB WarningCircle.vue
19 notice 822B WarningCircleSolid.vue
19 notice 2.1kB WechatBrand.vue
19 notice 2.0kB WhatsappBrand.vue
19 notice 1.3kB Wifi.vue
19 notice 488B WindowsBrand.vue
19 notice 2.3kB WordpressBrand.vue
19 notice 1.3kB XboxBrand.vue
19 notice 1.0kB YoutubeBrand.vue
19 notice 267.4kB icons.json
19 notice 32.5kB index.js
19 notice 529B package.json
20 notice Tarball Details
21 notice name: @bangalicon/vue
22 notice version: 1.0.9
23 notice filename: bangalicon-vue-1.0.9.tgz
24 notice package size: 98.8 kB
25 notice unpacked size: 820.4 kB
26 notice shasum: 3e31bbc39baa2b576f0be37b38d021c4c33474ec
27 notice integrity: sha512-QqSgLDAIfOU0l[...]rI5kXpMXxrBDw==
28 notice total files: 524
29 notice
30 http fetch GET 200 https://registry.npmjs.org/@bangalicon%2fvue 888ms (cache miss)
31 notice Publishing to https://registry.npmjs.org/ with tag latest and public access
32 http fetch PUT 200 https://registry.npmjs.org/@bangalicon%2fvue 1725ms
33 verbose cwd D:\Web Project\Bangalicon\ban-5.0.0\bangalicon-backend\vue-icons
34 verbose os Windows_NT 10.0.26200
35 verbose node v24.11.1
36 verbose npm  v11.11.0
37 verbose exit 0
38 info ok
