0 verbose cli C:\Program Files\nodejs\node.exe C:\Users\Mizuki Sama\AppData\Roaming\npm\node_modules\npm\bin\npm-cli.js
1 info using npm@11.11.0
2 info using node@v24.11.1
3 silly config load:file:C:\Users\Mizuki Sama\AppData\Roaming\npm\node_modules\npm\npmrc
4 silly config load:file:D:\Web Project\Bangalicon\ban-5.0.0\bangalicon-backend\react-icons\.npmrc
5 silly config load:file:C:\Users\Mizuki Sama\.npmrc
6 silly config load:file:C:\Users\Mizuki Sama\AppData\Roaming\npm\etc\npmrc
7 verbose title npm publish
8 verbose argv "publish" "--access" "public" "--registry" "https://registry.npmjs.org"
9 verbose logfile logs-max:10 dir:D:\Web Project\Bangalicon\ban-5.0.0\bangalicon-backend\.npm-cache\_logs\2026-08-06T07_46_07_328Z-
10 verbose logfile D:\Web Project\Bangalicon\ban-5.0.0\bangalicon-backend\.npm-cache\_logs\2026-08-06T07_46_07_328Z-debug-0.log
11 warn Unknown project config "always-auth". This will stop working in the next major version of npm. See `npm help npmrc` for supported config options.
12 silly logfile start cleaning logs, removing 1 files
13 verbose publish [ '.' ]
14 silly logfile done cleaning log files
15 silly packumentCache heap:4496293888 maxSize:1124073472 maxEntrySize:562036736
16 notice
17 notice package: @bangalicon/react@1.0.9
18 notice Tarball Contents
19 notice 174B Add.d.ts
19 notice 616B Add.js
19 notice 186B AddCircle.d.ts
19 notice 1.1kB AddCircle.js
19 notice 196B AddCircleSolid.d.ts
19 notice 892B AddCircleSolid.js
19 notice 186B AddSquare.d.ts
19 notice 1.1kB AddSquare.js
19 notice 196B AddSquareSolid.d.ts
19 notice 1.1kB AddSquareSolid.js
19 notice 178B Alarm.d.ts
19 notice 1.2kB Alarm.js
19 notice 188B AlarmCheck.d.ts
19 notice 1.2kB AlarmCheck.js
19 notice 198B AlarmCheckSolid.d.ts
19 notice 1.0kB AlarmCheckSolid.js
19 notice 188B AlarmClose.d.ts
19 notice 1.3kB AlarmClose.js
19 notice 198B AlarmCloseSolid.d.ts
19 notice 1.1kB AlarmCloseSolid.js
19 notice 184B AlarmOff.d.ts
19 notice 1.2kB AlarmOff.js
19 notice 194B AlarmOffSolid.d.ts
19 notice 969B AlarmOffSolid.js
19 notice 188B AlarmSolid.d.ts
19 notice 1.0kB AlarmSolid.js
19 notice 190B AlipayBrand.d.ts
19 notice 1.6kB AlipayBrand.js
19 notice 190B AmazonBrand.d.ts
19 notice 2.2kB AmazonBrand.js
19 notice 192B AmplifyBrand.d.ts
19 notice 656B AmplifyBrand.js
19 notice 192B AndroidBrand.d.ts
19 notice 878B AndroidBrand.js
19 notice 192B AngularBrand.d.ts
19 notice 624B AngularBrand.js
19 notice 204B AppleAppstoreBrand.d.ts
19 notice 1.6kB AppleAppstoreBrand.js
19 notice 188B AppleBrand.d.ts
19 notice 1.3kB AppleBrand.js
19 notice 176B Apps.d.ts
19 notice 1.6kB Apps.js
19 notice 210B ArrowAlignCenterHoriz.d.ts
19 notice 939B ArrowAlignCenterHoriz.js
19 notice 208B ArrowAlignCenterVert.d.ts
19 notice 920B ArrowAlignCenterVert.js
19 notice 196B ArrowAlignDown.d.ts
19 notice 632B ArrowAlignDown.js
19 notice 196B ArrowAlignLeft.d.ts
19 notice 595B ArrowAlignLeft.js
19 notice 198B ArrowAlignRight.d.ts
19 notice 650B ArrowAlignRight.js
19 notice 192B ArrowAlignUp.d.ts
19 notice 635B ArrowAlignUp.js
19 notice 186B ArrowDown.d.ts
19 notice 622B ArrowDown.js
19 notice 198B ArrowDownCircle.d.ts
19 notice 1.1kB ArrowDownCircle.js
19 notice 208B ArrowDownCircleSolid.d.ts
19 notice 865B ArrowDownCircleSolid.js
19 notice 194B ArrowDownLeft.d.ts
19 notice 629B ArrowDownLeft.js
19 notice 206B ArrowDownLeftCircle.d.ts
19 notice 1.1kB ArrowDownLeftCircle.js
19 notice 216B ArrowDownLeftCircleSolid.d.ts
19 notice 909B ArrowDownLeftCircleSolid.js
19 notice 196B ArrowDownRight.d.ts
19 notice 654B ArrowDownRight.js
19 notice 208B ArrowDownRightCircle.d.ts
19 notice 1.1kB ArrowDownRightCircle.js
19 notice 218B ArrowDownRightCircleSolid.d.ts
19 notice 869B ArrowDownRightCircleSolid.js
19 notice 194B ArrowDropDown.d.ts
19 notice 569B ArrowDropDown.js
19 notice 206B ArrowDropDownCircle.d.ts
19 notice 1.0kB ArrowDropDownCircle.js
19 notice 216B ArrowDropDownCircleSolid.d.ts
19 notice 793B ArrowDropDownCircleSolid.js
19 notice 206B ArrowDropDownSquare.d.ts
19 notice 1.1kB ArrowDropDownSquare.js
19 notice 216B ArrowDropDownSquareSolid.d.ts
19 notice 974B ArrowDropDownSquareSolid.js
19 notice 194B ArrowDropLeft.d.ts
19 notice 598B ArrowDropLeft.js
19 notice 206B ArrowDropLeftCircle.d.ts
19 notice 1.0kB ArrowDropLeftCircle.js
19 notice 216B ArrowDropLeftCircleSolid.d.ts
19 notice 834B ArrowDropLeftCircleSolid.js
19 notice 206B ArrowDropLeftSquare.d.ts
19 notice 1.1kB ArrowDropLeftSquare.js
19 notice 216B ArrowDropLeftSquareSolid.d.ts
19 notice 1.0kB ArrowDropLeftSquareSolid.js
19 notice 196B ArrowDropRight.d.ts
19 notice 562B ArrowDropRight.js
19 notice 208B ArrowDropRightCircle.d.ts
19 notice 1.0kB ArrowDropRightCircle.js
19 notice 218B ArrowDropRightCircleSolid.d.ts
19 notice 779B ArrowDropRightCircleSolid.js
19 notice 208B ArrowDropRightSquare.d.ts
19 notice 1.1kB ArrowDropRightSquare.js
19 notice 218B ArrowDropRightSquareSolid.d.ts
19 notice 961B ArrowDropRightSquareSolid.js
19 notice 190B ArrowDropUp.d.ts
19 notice 549B ArrowDropUp.js
19 notice 202B ArrowDropUpCircle.d.ts
19 notice 989B ArrowDropUpCircle.js
19 notice 212B ArrowDropUpCircleSolid.d.ts
19 notice 795B ArrowDropUpCircleSolid.js
19 notice 202B ArrowDropUpSquare.d.ts
19 notice 1.1kB ArrowDropUpSquare.js
19 notice 212B ArrowDropUpSquareSolid.d.ts
19 notice 977B ArrowDropUpSquareSolid.js
19 notice 192B ArrowEndDown.d.ts
19 notice 730B ArrowEndDown.js
19 notice 192B ArrowEndLeft.d.ts
19 notice 721B ArrowEndLeft.js
19 notice 194B ArrowEndRight.d.ts
19 notice 738B ArrowEndRight.js
19 notice 188B ArrowEndUp.d.ts
19 notice 694B ArrowEndUp.js
19 notice 190B ArrowInDown.d.ts
19 notice 937B ArrowInDown.js
19 notice 190B ArrowInLeft.d.ts
19 notice 872B ArrowInLeft.js
19 notice 192B ArrowInRight.d.ts
19 notice 925B ArrowInRight.js
19 notice 186B ArrowInUp.d.ts
19 notice 856B ArrowInUp.js
19 notice 192B ArrowKeyDown.d.ts
19 notice 559B ArrowKeyDown.js
19 notice 204B ArrowKeyDownCircle.d.ts
19 notice 1.0kB ArrowKeyDownCircle.js
19 notice 214B ArrowKeyDownCircleSolid.d.ts
19 notice 781B ArrowKeyDownCircleSolid.js
19 notice 192B ArrowKeyLeft.d.ts
19 notice 546B ArrowKeyLeft.js
19 notice 204B ArrowKeyLeftCircle.d.ts
19 notice 984B ArrowKeyLeftCircle.js
19 notice 214B ArrowKeyLeftCircleSolid.d.ts
19 notice 785B ArrowKeyLeftCircleSolid.js
19 notice 194B ArrowKeyRight.d.ts
19 notice 594B ArrowKeyRight.js
19 notice 206B ArrowKeyRightCircle.d.ts
19 notice 1.0kB ArrowKeyRightCircle.js
19 notice 216B ArrowKeyRightCircleSolid.d.ts
19 notice 774B ArrowKeyRightCircleSolid.js
19 notice 188B ArrowKeyUp.d.ts
19 notice 551B ArrowKeyUp.js
19 notice 200B ArrowKeyUpCircle.d.ts
19 notice 1.0kB ArrowKeyUpCircle.js
19 notice 210B ArrowKeyUpCircleSolid.d.ts
19 notice 770B ArrowKeyUpCircleSolid.js
19 notice 186B ArrowLeft.d.ts
19 notice 585B ArrowLeft.js
19 notice 198B ArrowLeftCircle.d.ts
19 notice 1.0kB ArrowLeftCircle.js
19 notice 208B ArrowLeftCircleSolid.d.ts
19 notice 866B ArrowLeftCircleSolid.js
19 notice 192B ArrowOutDown.d.ts
19 notice 899B ArrowOutDown.js
19 notice 192B ArrowOutLeft.d.ts
19 notice 905B ArrowOutLeft.js
19 notice 194B ArrowOutRight.d.ts
19 notice 894B ArrowOutRight.js
19 notice 188B ArrowOutUp.d.ts
19 notice 906B ArrowOutUp.js
19 notice 188B ArrowRight.d.ts
19 notice 640B ArrowRight.js
19 notice 200B ArrowRightCircle.d.ts
19 notice 1.1kB ArrowRightCircle.js
19 notice 210B ArrowRightCircleSolid.d.ts
19 notice 836B ArrowRightCircleSolid.js
19 notice 196B ArrowStartDown.d.ts
19 notice 737B ArrowStartDown.js
19 notice 196B ArrowStartLeft.d.ts
19 notice 720B ArrowStartLeft.js
19 notice 198B ArrowStartRight.d.ts
19 notice 744B ArrowStartRight.js
19 notice 192B ArrowStartUp.d.ts
19 notice 700B ArrowStartUp.js
19 notice 182B ArrowUp.d.ts
19 notice 621B ArrowUp.js
19 notice 194B ArrowUpCircle.d.ts
19 notice 1.0kB ArrowUpCircle.js
19 notice 204B ArrowUpCircleSolid.d.ts
19 notice 831B ArrowUpCircleSolid.js
19 notice 190B ArrowUpLeft.d.ts
19 notice 591B ArrowUpLeft.js
19 notice 202B ArrowUpLeftCircle.d.ts
19 notice 1.0kB ArrowUpLeftCircle.js
19 notice 212B ArrowUpLeftCircleSolid.d.ts
19 notice 858B ArrowUpLeftCircleSolid.js
19 notice 192B ArrowUpRight.d.ts
19 notice 648B ArrowUpRight.js
19 notice 204B ArrowUpRightCircle.d.ts
19 notice 1.1kB ArrowUpRightCircle.js
19 notice 214B ArrowUpRightCircleSolid.d.ts
19 notice 814B ArrowUpRightCircleSolid.js
19 notice 192B BehanceBrand.d.ts
19 notice 1.5kB BehanceBrand.js
19 notice 192B BitcoinBrand.d.ts
19 notice 2.2kB BitcoinBrand.js
19 notice 196B BluetoothBrand.d.ts
19 notice 734B BluetoothBrand.js
19 notice 176B Bolt.d.ts
19 notice 912B Bolt.js
19 notice 186B BoltSolid.d.ts
19 notice 646B BoltSolid.js
19 notice 184B Bookmark.d.ts
19 notice 869B Bookmark.js
19 notice 190B BookmarkAdd.d.ts
19 notice 1.1kB BookmarkAdd.js
19 notice 200B BookmarkAddSolid.d.ts
19 notice 930B BookmarkAddSolid.js
19 notice 194B BookmarkCheck.d.ts
19 notice 1.0kB BookmarkCheck.js
19 notice 204B BookmarkCheckSolid.d.ts
19 notice 815B BookmarkCheckSolid.js
19 notice 194B BookmarkClose.d.ts
19 notice 1.1kB BookmarkClose.js
19 notice 204B BookmarkCloseSolid.d.ts
19 notice 889B BookmarkCloseSolid.js
19 notice 192B BookmarkNote.d.ts
19 notice 1.1kB BookmarkNote.js
19 notice 202B BookmarkNoteSolid.d.ts
19 notice 932B BookmarkNoteSolid.js
19 notice 196B BookmarkRemove.d.ts
19 notice 972B BookmarkRemove.js
19 notice 206B BookmarkRemoveSolid.d.ts
19 notice 811B BookmarkRemoveSolid.js
19 notice 194B BookmarkSolid.d.ts
19 notice 679B BookmarkSolid.js
19 notice 190B BufferBrand.d.ts
19 notice 1.8kB BufferBrand.js
19 notice 176B Call.d.ts
19 notice 1.2kB Call.js
19 notice 186B CallSolid.d.ts
19 notice 807B CallSolid.js
19 notice 180B Camera.d.ts
19 notice 1.3kB Camera.js
19 notice 190B CameraSolid.d.ts
19 notice 1.1kB CameraSolid.js
19 notice 176B Card.d.ts
19 notice 661B Card.js
19 notice 186B CardSolid.d.ts
19 notice 570B CardSolid.js
19 notice 184B Category.d.ts
19 notice 1.1kB Category.js
19 notice 194B CategorySolid.d.ts
19 notice 848B CategorySolid.js
19 notice 176B Chat.d.ts
19 notice 930B Chat.js
19 notice 178B Chat2.d.ts
19 notice 820B Chat2.js
19 notice 184B Chat2Add.d.ts
19 notice 1.0kB Chat2Add.js
19 notice 194B Chat2AddSolid.d.ts
19 notice 897B Chat2AddSolid.js
19 notice 188B Chat2Check.d.ts
19 notice 955B Chat2Check.js
19 notice 198B Chat2CheckSolid.d.ts
19 notice 783B Chat2CheckSolid.js
19 notice 188B Chat2Close.d.ts
19 notice 1.1kB Chat2Close.js
19 notice 198B Chat2CloseSolid.d.ts
19 notice 856B Chat2CloseSolid.js
19 notice 186B Chat2Info.d.ts
19 notice 1.1kB Chat2Info.js
19 notice 196B Chat2InfoSolid.d.ts
19 notice 875B Chat2InfoSolid.js
19 notice 186B Chat2More.d.ts
19 notice 1.3kB Chat2More.js
19 notice 196B Chat2MoreSolid.d.ts
19 notice 1.1kB Chat2MoreSolid.js
19 notice 186B Chat2Note.d.ts
19 notice 1.0kB Chat2Note.js
19 notice 196B Chat2NoteSolid.d.ts
19 notice 899B Chat2NoteSolid.js
19 notice 194B Chat2Question.d.ts
19 notice 1.3kB Chat2Question.js
19 notice 204B Chat2QuestionSolid.d.ts
19 notice 1.1kB Chat2QuestionSolid.js
19 notice 190B Chat2Remove.d.ts
19 notice 923B Chat2Remove.js
19 notice 200B Chat2RemoveSolid.d.ts
19 notice 778B Chat2RemoveSolid.js
19 notice 188B Chat2Solid.d.ts
19 notice 647B Chat2Solid.js
19 notice 192B Chat2Warning.d.ts
19 notice 1.1kB Chat2Warning.js
19 notice 202B Chat2WarningSolid.d.ts
19 notice 878B Chat2WarningSolid.js
19 notice 182B ChatAdd.d.ts
19 notice 1.1kB ChatAdd.js
19 notice 192B ChatAddSolid.d.ts
19 notice 933B ChatAddSolid.js
19 notice 186B ChatCheck.d.ts
19 notice 1.1kB ChatCheck.js
19 notice 196B ChatCheckSolid.d.ts
19 notice 819B ChatCheckSolid.js
19 notice 186B ChatClose.d.ts
19 notice 1.2kB ChatClose.js
19 notice 196B ChatCloseSolid.d.ts
19 notice 891B ChatCloseSolid.js
19 notice 184B ChatMore.d.ts
19 notice 1.4kB ChatMore.js
19 notice 194B ChatMoreSolid.d.ts
19 notice 1.1kB ChatMoreSolid.js
19 notice 184B ChatNote.d.ts
19 notice 1.1kB ChatNote.js
19 notice 194B ChatNoteSolid.d.ts
19 notice 936B ChatNoteSolid.js
19 notice 188B ChatRemove.d.ts
19 notice 1.0kB ChatRemove.js
19 notice 198B ChatRemoveSolid.d.ts
19 notice 815B ChatRemoveSolid.js
19 notice 186B ChatSolid.d.ts
19 notice 684B ChatSolid.js
19 notice 178B Check.d.ts
19 notice 534B Check.js
19 notice 190B CheckCircle.d.ts
19 notice 979B CheckCircle.js
19 notice 200B CheckCircleSolid.d.ts
19 notice 766B CheckCircleSolid.js
19 notice 190B ChromeBrand.d.ts
19 notice 1.4kB ChromeBrand.js
19 notice 178B Clock.d.ts
19 notice 1.0kB Clock.js
19 notice 188B ClockSolid.d.ts
19 notice 808B ClockSolid.js
19 notice 178B Close.d.ts
19 notice 616B Close.js
19 notice 190B CloseCircle.d.ts
19 notice 1.1kB CloseCircle.js
19 notice 200B CloseCircleSolid.d.ts
19 notice 838B CloseCircleSolid.js
19 notice 198B CloseFullscreen.d.ts
19 notice 815B CloseFullscreen.js
19 notice 178B Cloud.d.ts
19 notice 1.1kB Cloud.js
19 notice 188B CloudSolid.d.ts
19 notice 730B CloudSolid.js
19 notice 192B CodepenBrand.d.ts
19 notice 2.2kB CodepenBrand.js
19 notice 190B ContentCopy.d.ts
19 notice 1.3kB ContentCopy.js
19 notice 200B ContentCopySolid.d.ts
19 notice 1.2kB ContentCopySolid.js
19 notice 180B Coupon.d.ts
19 notice 1.3kB Coupon.js
19 notice 190B CouponCheck.d.ts
19 notice 1.1kB CouponCheck.js
19 notice 200B CouponCheckSolid.d.ts
19 notice 864B CouponCheckSolid.js
19 notice 190B CouponClose.d.ts
19 notice 1.2kB CouponClose.js
19 notice 200B CouponCloseSolid.d.ts
19 notice 922B CouponCloseSolid.js
19 notice 190B CouponSolid.d.ts
19 notice 1.1kB CouponSolid.js
19 notice 186B Css3Brand.d.ts
19 notice 726B Css3Brand.js
19 notice 176B Date.d.ts
19 notice 1.1kB Date.js
19 notice 182B DateAdd.d.ts
19 notice 1.4kB DateAdd.js
19 notice 192B DateAddSolid.d.ts
19 notice 1.3kB DateAddSolid.js
19 notice 186B DateCheck.d.ts
19 notice 1.3kB DateCheck.js
19 notice 196B DateCheckSolid.d.ts
19 notice 1.2kB DateCheckSolid.js
19 notice 186B DateClose.d.ts
19 notice 1.4kB DateClose.js
19 notice 196B DateCloseSolid.d.ts
19 notice 1.3kB DateCloseSolid.js
19 notice 184B DateInfo.d.ts
19 notice 1.4kB DateInfo.js
19 notice 194B DateInfoSolid.d.ts
19 notice 1.4kB DateInfoSolid.js
19 notice 184B DateMore.d.ts
19 notice 1.6kB DateMore.js
19 notice 194B DateMoreSolid.d.ts
19 notice 1.6kB DateMoreSolid.js
19 notice 184B DateNote.d.ts
19 notice 1.3kB DateNote.js
19 notice 194B DateNoteSolid.d.ts
19 notice 1.3kB DateNoteSolid.js
19 notice 192B DateQuestion.d.ts
19 notice 1.7kB DateQuestion.js
19 notice 202B DateQuestionSolid.d.ts
19 notice 1.6kB DateQuestionSolid.js
19 notice 186B DateRange.d.ts
19 notice 2.1kB DateRange.js
19 notice 196B DateRangeSolid.d.ts
19 notice 2.0kB DateRangeSolid.js
19 notice 188B DateRemove.d.ts
19 notice 1.3kB DateRemove.js
19 notice 198B DateRemoveSolid.d.ts
19 notice 1.2kB DateRemoveSolid.js
19 notice 186B DateSolid.d.ts
19 notice 1.1kB DateSolid.js
19 notice 186B DateToday.d.ts
19 notice 1.3kB DateToday.js
19 notice 196B DateTodaySolid.d.ts
19 notice 1.2kB DateTodaySolid.js
19 notice 190B DateWarning.d.ts
19 notice 1.4kB DateWarning.js
19 notice 200B DateWarningSolid.d.ts
19 notice 1.4kB DateWarningSolid.js
19 notice 180B Delete.d.ts
19 notice 953B Delete.js
19 notice 186B DeleteAdd.d.ts
19 notice 1.2kB DeleteAdd.js
19 notice 196B DeleteAddSolid.d.ts
19 notice 1.1kB DeleteAddSolid.js
19 notice 190B DeleteCheck.d.ts
19 notice 1.1kB DeleteCheck.js
19 notice 200B DeleteCheckSolid.d.ts
19 notice 1.0kB DeleteCheckSolid.js
19 notice 190B DeleteClose.d.ts
19 notice 1.2kB DeleteClose.js
19 notice 200B DeleteCloseSolid.d.ts
19 notice 1.1kB DeleteCloseSolid.js
19 notice 192B DeleteRemove.d.ts
19 notice 1.1kB DeleteRemove.js
19 notice 202B DeleteRemoveSolid.d.ts
19 notice 1.0kB DeleteRemoveSolid.js
19 notice 190B DeleteSolid.d.ts
19 notice 887B DeleteSolid.js
19 notice 198B DeviantartBrand.d.ts
19 notice 675B DeviantartBrand.js
19 notice 192B DiscordBrand.d.ts
19 notice 986B DiscordBrand.js
19 notice 190B DockerBrand.d.ts
19 notice 3.1kB DockerBrand.js
19 notice 186B DragHoriz.d.ts
19 notice 1.2kB DragHoriz.js
19 notice 184B DragVert.d.ts
19 notice 1.3kB DragVert.js
19 notice 194B DribbbleBrand.d.ts
19 notice 1.8kB DribbbleBrand.js
19 notice 192B DropboxBrand.d.ts
19 notice 779B DropboxBrand.js
19 notice 176B Edit.d.ts
19 notice 763B Edit.js
19 notice 186B EditSolid.d.ts
19 notice 658B EditSolid.js
19 notice 182B Explore.d.ts
19 notice 1.1kB Explore.js
19 notice 188B ExploreOff.d.ts
19 notice 1.2kB ExploreOff.js
19 notice 198B ExploreOffSolid.d.ts
19 notice 984B ExploreOffSolid.js
19 notice 192B ExploreSolid.d.ts
19 notice 895B ExploreSolid.js
19 notice 194B FacebookBrand.d.ts
19 notice 905B FacebookBrand.js
19 notice 190B FastForward.d.ts
19 notice 1.0kB FastForward.js
19 notice 200B FastForwardSolid.d.ts
19 notice 766B FastForwardSolid.js
19 notice 188B FastRewind.d.ts
19 notice 1.0kB FastRewind.js
19 notice 198B FastRewindSolid.d.ts
19 notice 768B FastRewindSolid.js
19 notice 184B Favorite.d.ts
19 notice 1.1kB Favorite.js
19 notice 194B FavoriteSolid.d.ts
19 notice 753B FavoriteSolid.js
19 notice 188B FigmaBrand.d.ts
19 notice 1.0kB FigmaBrand.js
19 notice 176B File.d.ts
19 notice 817B File.js
19 notice 182B FileAdd.d.ts
19 notice 1.0kB FileAdd.js
19 notice 192B FileAddSolid.d.ts
19 notice 945B FileAddSolid.js
19 notice 186B FileCheck.d.ts
19 notice 952B FileCheck.js
19 notice 196B FileCheckSolid.d.ts
19 notice 832B FileCheckSolid.js
19 notice 186B FileClose.d.ts
19 notice 1.0kB FileClose.js
19 notice 196B FileCloseSolid.d.ts
19 notice 888B FileCloseSolid.js
19 notice 184B FileNote.d.ts
19 notice 1.0kB FileNote.js
19 notice 194B FileNoteSolid.d.ts
19 notice 943B FileNoteSolid.js
19 notice 188B FileRemove.d.ts
19 notice 920B FileRemove.js
19 notice 198B FileRemoveSolid.d.ts
19 notice 826B FileRemoveSolid.js
19 notice 186B FileSolid.d.ts
19 notice 695B FileSolid.js
19 notice 180B Filter.d.ts
19 notice 836B Filter.js
19 notice 190B FilterSolid.d.ts
19 notice 627B FilterSolid.js
19 notice 194B FirebaseBrand.d.ts
19 notice 805B FirebaseBrand.js
19 notice 192B FirefoxBrand.d.ts
19 notice 1.3kB FirefoxBrand.js
19 notice 180B Folder.d.ts
19 notice 852B Folder.js
19 notice 186B FolderAdd.d.ts
19 notice 1.1kB FolderAdd.js
19 notice 196B FolderAddSolid.d.ts
19 notice 939B FolderAddSolid.js
19 notice 190B FolderCheck.d.ts
19 notice 989B FolderCheck.js
19 notice 200B FolderCheckSolid.d.ts
19 notice 824B FolderCheckSolid.js
19 notice 190B FolderClose.d.ts
19 notice 1.1kB FolderClose.js
19 notice 200B FolderCloseSolid.d.ts
19 notice 898B FolderCloseSolid.js
19 notice 188B FolderMore.d.ts
19 notice 1.3kB FolderMore.js
19 notice 198B FolderMoreSolid.d.ts
19 notice 1.1kB FolderMoreSolid.js
19 notice 188B FolderNote.d.ts
19 notice 1.0kB FolderNote.js
19 notice 198B FolderNoteSolid.d.ts
19 notice 941B FolderNoteSolid.js
19 notice 192B FolderRemove.d.ts
19 notice 957B FolderRemove.js
19 notice 202B FolderRemoveSolid.d.ts
19 notice 820B FolderRemoveSolid.js
19 notice 190B FolderSolid.d.ts
19 notice 688B FolderSolid.js
19 notice 214B FormatAlignBottomCenter.d.ts
19 notice 724B FormatAlignBottomCenter.js
19 notice 210B FormatAlignBottomLeft.d.ts
19 notice 718B FormatAlignBottomLeft.js
19 notice 212B FormatAlignBottomRight.d.ts
19 notice 722B FormatAlignBottomRight.js
19 notice 202B FormatAlignCenter.d.ts
19 notice 712B FormatAlignCenter.js
19 notice 204B FormatAlignJustify.d.ts
19 notice 712B FormatAlignJustify.js
19 notice 198B FormatAlignLeft.d.ts
19 notice 706B FormatAlignLeft.js
19 notice 200B FormatAlignRight.d.ts
19 notice 712B FormatAlignRight.js
19 notice 208B FormatAlignTopCenter.d.ts
19 notice 718B FormatAlignTopCenter.js
19 notice 204B FormatAlignTopLeft.d.ts
19 notice 712B FormatAlignTopLeft.js
19 notice 206B FormatAlignTopRight.d.ts
19 notice 717B FormatAlignTopRight.js
19 notice 188B FormatBold.d.ts
19 notice 872B FormatBold.js
19 notice 192B FormatItalic.d.ts
19 notice 635B FormatItalic.js
19 notice 188B FormatSize.d.ts
19 notice 716B FormatSize.js
19 notice 206B FormatStrikethrough.d.ts
19 notice 1.1kB FormatStrikethrough.js
19 notice 190B FormatTitle.d.ts
19 notice 567B FormatTitle.js
19 notice 200B FormatUnderlined.d.ts
19 notice 853B FormatUnderlined.js
19 notice 182B Forward.d.ts
19 notice 699B Forward.js
19 notice 198B FoursquareBrand.d.ts
19 notice 1.6kB FoursquareBrand.js
19 notice 190B GithubBrand.d.ts
19 notice 1.9kB GithubBrand.js
19 notice 190B GitlabBrand.d.ts
19 notice 1.5kB GitlabBrand.js
19 notice 190B GoogleBrand.d.ts
19 notice 1.1kB GoogleBrand.js
19 notice 208B GooglePlaystoreBrand.d.ts
19 notice 1.1kB GooglePlaystoreBrand.js
19 notice 194B HandThumbDown.d.ts
19 notice 1.1kB HandThumbDown.js
19 notice 204B HandThumbDownSolid.d.ts
19 notice 902B HandThumbDownSolid.js
19 notice 190B HandThumbUp.d.ts
19 notice 1.3kB HandThumbUp.js
19 notice 200B HandThumbUpSolid.d.ts
19 notice 981B HandThumbUpSolid.js
19 notice 176B Home.d.ts
19 notice 1.1kB Home.js
19 notice 186B HomeSolid.d.ts
19 notice 759B HomeSolid.js
19 notice 188B Html5Brand.d.ts
19 notice 739B Html5Brand.js
19 notice 178B Image.d.ts
19 notice 1.3kB Image.js
19 notice 188B ImageSolid.d.ts
19 notice 1.3kB ImageSolid.js
19 notice 178B Inbox.d.ts
19 notice 1.3kB Inbox.js
19 notice 188B InboxSolid.d.ts
19 notice 1.2kB InboxSolid.js
19 notice 176B Info.d.ts
19 notice 678B Info.js
19 notice 188B InfoCircle.d.ts
19 notice 1.1kB InfoCircle.js
19 notice 198B InfoCircleSolid.d.ts
19 notice 881B InfoCircleSolid.js
19 notice 196B InstagramBrand.d.ts
19 notice 973B InstagramBrand.js
19 notice 186B Inventory.d.ts
19 notice 941B Inventory.js
19 notice 192B InventoryAdd.d.ts
19 notice 1.2kB InventoryAdd.js
19 notice 202B InventoryAddSolid.d.ts
19 notice 1.0kB InventoryAddSolid.js
19 notice 196B InventoryCheck.d.ts
19 notice 1.1kB InventoryCheck.js
19 notice 206B InventoryCheckSolid.d.ts
19 notice 929B InventoryCheckSolid.js
19 notice 196B InventoryClose.d.ts
19 notice 1.2kB InventoryClose.js
19 notice 206B InventoryCloseSolid.d.ts
19 notice 985B InventoryCloseSolid.js
19 notice 194B InventoryNote.d.ts
19 notice 1.1kB InventoryNote.js
19 notice 204B InventoryNoteSolid.d.ts
19 notice 1.0kB InventoryNoteSolid.js
19 notice 198B InventoryRemove.d.ts
19 notice 1.0kB InventoryRemove.js
19 notice 208B InventoryRemoveSolid.d.ts
19 notice 923B InventoryRemoveSolid.js
19 notice 196B InventorySolid.d.ts
19 notice 792B InventorySolid.js
19 notice 198B JavascriptBrand.d.ts
19 notice 1.4kB JavascriptBrand.js
19 notice 192B KeyBackspace.d.ts
19 notice 1.1kB KeyBackspace.js
19 notice 202B KeyBackspaceSolid.d.ts
19 notice 865B KeyBackspaceSolid.js
19 notice 188B KeyCommand.d.ts
19 notice 1.4kB KeyCommand.js
19 notice 190B KeySpaceBar.d.ts
19 notice 724B KeySpaceBar.js
19 notice 184B Language.d.ts
19 notice 1.4kB Language.js
19 notice 192B LaravelBrand.d.ts
19 notice 2.9kB LaravelBrand.js
19 notice 204B LetterCUpperCircle.d.ts
19 notice 1.2kB LetterCUpperCircle.js
19 notice 214B LetterCUpperCircleSolid.d.ts
19 notice 996B LetterCUpperCircleSolid.js
19 notice 186B LightBulb.d.ts
19 notice 1.2kB LightBulb.js
19 notice 196B LightBulbSolid.d.ts
19 notice 910B LightBulbSolid.js
19 notice 176B Link.d.ts
19 notice 1.2kB Link.js
19 notice 194B LinkedinBrand.d.ts
19 notice 1.3kB LinkedinBrand.js
19 notice 176B List.d.ts
19 notice 1.1kB List.js
19 notice 184B Location.d.ts
19 notice 1.2kB Location.js
19 notice 194B LocationCheck.d.ts
19 notice 1.1kB LocationCheck.js
19 notice 204B LocationCheckSolid.d.ts
19 notice 845B LocationCheckSolid.js
19 notice 194B LocationClose.d.ts
19 notice 1.2kB LocationClose.js
19 notice 204B LocationCloseSolid.d.ts
19 notice 924B LocationCloseSolid.js
19 notice 190B LocationOff.d.ts
19 notice 1.1kB LocationOff.js
19 notice 200B LocationOffSolid.d.ts
19 notice 868B LocationOffSolid.js
19 notice 194B LocationSolid.d.ts
19 notice 820B LocationSolid.js
19 notice 176B Lock.d.ts
19 notice 1.2kB Lock.js
19 notice 184B LockOpen.d.ts
19 notice 1.3kB LockOpen.js
19 notice 194B LockOpenSolid.d.ts
19 notice 1.2kB LockOpenSolid.js
19 notice 186B LockSolid.d.ts
19 notice 1.1kB LockSolid.js
19 notice 176B Mail.d.ts
19 notice 1.1kB Mail.js
19 notice 184B MailOpen.d.ts
19 notice 1.1kB MailOpen.js
19 notice 194B MailOpenSolid.d.ts
19 notice 953B MailOpenSolid.js
19 notice 186B MailSolid.d.ts
19 notice 981B MailSolid.js
19 notice 190B MediumBrand.d.ts
19 notice 1.2kB MediumBrand.js
19 notice 176B Memo.d.ts
19 notice 838B Memo.js
19 notice 182B MemoAdd.d.ts
19 notice 983B MemoAdd.js
19 notice 192B MemoAddSolid.d.ts
19 notice 923B MemoAddSolid.js
19 notice 186B MemoCheck.d.ts
19 notice 901B MemoCheck.js
19 notice 196B MemoCheckSolid.d.ts
19 notice 809B MemoCheckSolid.js
19 notice 186B MemoClose.d.ts
19 notice 999B MemoClose.js
19 notice 196B MemoCloseSolid.d.ts
19 notice 883B MemoCloseSolid.js
19 notice 184B MemoNote.d.ts
19 notice 959B MemoNote.js
19 notice 194B MemoNoteSolid.d.ts
19 notice 925B MemoNoteSolid.js
19 notice 188B MemoRemove.d.ts
19 notice 869B MemoRemove.js
19 notice 198B MemoRemoveSolid.d.ts
19 notice 805B MemoRemoveSolid.js
19 notice 186B MemoSolid.d.ts
19 notice 690B MemoSolid.js
19 notice 176B Menu.d.ts
19 notice 684B Menu.js
19 notice 188B MenuCenter.d.ts
19 notice 698B MenuCenter.js
19 notice 184B MenuLeft.d.ts
19 notice 692B MenuLeft.js
19 notice 186B MenuRight.d.ts
19 notice 696B MenuRight.js
19 notice 186B MetaBrand.d.ts
19 notice 1.2kB MetaBrand.js
19 notice 196B MicrosoftBrand.d.ts
19 notice 567B MicrosoftBrand.js
19 notice 176B Moon.d.ts
19 notice 1.1kB Moon.js
19 notice 186B MoonSolid.d.ts
19 notice 786B MoonSolid.js
19 notice 186B MoreHoriz.d.ts
19 notice 809B MoreHoriz.js
19 notice 198B MoreHorizCircle.d.ts
19 notice 1.3kB MoreHorizCircle.js
19 notice 208B MoreHorizCircleSolid.d.ts
19 notice 1.1kB MoreHorizCircleSolid.js
19 notice 184B MoreVert.d.ts
19 notice 825B MoreVert.js
19 notice 196B MoreVertCircle.d.ts
19 notice 1.3kB MoreVertCircle.js
19 notice 206B MoreVertCircleSolid.d.ts
19 notice 1.1kB MoreVertCircleSolid.js
19 notice 188B MyLocation.d.ts
19 notice 1.4kB MyLocation.js
19 notice 194B MyLocationOff.d.ts
19 notice 1.3kB MyLocationOff.js
19 notice 198B MyLocationSolid.d.ts
19 notice 1.3kB MyLocationSolid.js
19 notice 188B Navigation.d.ts
19 notice 728B Navigation.js
19 notice 198B NavigationSolid.d.ts
19 notice 644B NavigationSolid.js
19 notice 180B NearMe.d.ts
19 notice 706B NearMe.js
19 notice 186B NearMeOff.d.ts
19 notice 917B NearMeOff.js
19 notice 196B NearMeOffSolid.d.ts
19 notice 767B NearMeOffSolid.js
19 notice 190B NearMeSolid.d.ts
19 notice 605B NearMeSolid.js
19 notice 194B Notifications.d.ts
19 notice 971B Notifications.js
19 notice 200B NotificationsAdd.d.ts
19 notice 1.2kB NotificationsAdd.js
19 notice 210B NotificationsAddSolid.d.ts
19 notice 1.1kB NotificationsAddSolid.js
19 notice 204B NotificationsCheck.d.ts
19 notice 1.1kB NotificationsCheck.js
19 notice 214B NotificationsCheckSolid.d.ts
19 notice 1.0kB NotificationsCheckSolid.js
19 notice 204B NotificationsClose.d.ts
19 notice 1.2kB NotificationsClose.js
19 notice 214B NotificationsCloseSolid.d.ts
19 notice 1.1kB NotificationsCloseSolid.js
19 notice 200B NotificationsOff.d.ts
19 notice 1.1kB NotificationsOff.js
19 notice 210B NotificationsOffSolid.d.ts
19 notice 972B NotificationsOffSolid.js
19 notice 206B NotificationsRemove.d.ts
19 notice 1.1kB NotificationsRemove.js
19 notice 216B NotificationsRemoveSolid.d.ts
19 notice 1.0kB NotificationsRemoveSolid.js
19 notice 204B NotificationsSolid.d.ts
19 notice 871B NotificationsSolid.js
19 notice 190B NotionBrand.d.ts
19 notice 1.1kB NotionBrand.js
19 notice 184B NpmBrand.d.ts
19 notice 849B NpmBrand.js
19 notice 188B OpenInFull.d.ts
19 notice 806B OpenInFull.js
19 notice 186B OpenInNew.d.ts
19 notice 1.1kB OpenInNew.js
19 notice 178B Pause.d.ts
19 notice 1.0kB Pause.js
19 notice 190B PauseCircle.d.ts
19 notice 1.1kB PauseCircle.js
19 notice 200B PauseCircleSolid.d.ts
19 notice 886B PauseCircleSolid.js
19 notice 188B PauseSolid.d.ts
19 notice 642B PauseSolid.js
19 notice 190B PaypalBrand.d.ts
19 notice 1.3kB PaypalBrand.js
19 notice 180B Person.d.ts
19 notice 991B Person.js
19 notice 192B PersonCircle.d.ts
19 notice 1.5kB PersonCircle.js
19 notice 202B PersonCircleSolid.d.ts
19 notice 1.2kB PersonCircleSolid.js
19 notice 190B PersonSolid.d.ts
19 notice 783B PersonSolid.js
19 notice 196B PinterestBrand.d.ts
19 notice 1.6kB PinterestBrand.js
19 notice 176B Play.d.ts
19 notice 653B Play.js
19 notice 188B PlayCircle.d.ts
19 notice 1.0kB PlayCircle.js
19 notice 198B PlayCircleSolid.d.ts
19 notice 779B PlayCircleSolid.js
19 notice 186B PlaySolid.d.ts
19 notice 540B PlaySolid.js
19 notice 200B PlaystationBrand.d.ts
19 notice 3.1kB PlaystationBrand.js
19 notice 190B PythonBrand.d.ts
19 notice 2.0kB PythonBrand.js
19 notice 184B Question.d.ts
19 notice 926B Question.js
19 notice 196B QuestionCircle.d.ts
19 notice 1.4kB QuestionCircle.js
19 notice 206B QuestionCircleSolid.d.ts
19 notice 1.1kB QuestionCircleSolid.js
19 notice 188B ReactBrand.d.ts
19 notice 4.5kB ReactBrand.js
19 notice 1.2kB README.md
19 notice 180B Recode.d.ts
19 notice 1.1kB Recode.js
19 notice 192B RecodeCircle.d.ts
19 notice 1.1kB RecodeCircle.js
19 notice 202B RecodeCircleSolid.d.ts
19 notice 854B RecodeCircleSolid.js
19 notice 190B RecodeSolid.d.ts
19 notice 939B RecodeSolid.js
19 notice 190B RedditBrand.d.ts
19 notice 1.1kB RedditBrand.js
19 notice 176B Redo.d.ts
19 notice 857B Redo.js
19 notice 182B Refresh.d.ts
19 notice 1.0kB Refresh.js
19 notice 180B Remove.d.ts
19 notice 504B Remove.js
19 notice 192B RemoveCircle.d.ts
19 notice 948B RemoveCircle.js
19 notice 202B RemoveCircleSolid.d.ts
19 notice 767B RemoveCircleSolid.js
19 notice 178B Reply.d.ts
19 notice 656B Reply.js
19 notice 182B RssFeed.d.ts
19 notice 1.4kB RssFeed.js
19 notice 186B SassBrand.d.ts
19 notice 6.1kB SassBrand.js
19 notice 180B Search.d.ts
19 notice 906B Search.js
19 notice 186B SearchAdd.d.ts
19 notice 1.1kB SearchAdd.js
19 notice 190B SearchCheck.d.ts
19 notice 1.0kB SearchCheck.js
19 notice 190B SearchClose.d.ts
19 notice 1.1kB SearchClose.js
19 notice 192B SearchRemove.d.ts
19 notice 1.0kB SearchRemove.js
19 notice 176B Send.d.ts
19 notice 731B Send.js
19 notice 186B SendSolid.d.ts
19 notice 634B SendSolid.js
19 notice 182B Setting.d.ts
19 notice 2.7kB Setting.js
19 notice 192B SettingSolid.d.ts
19 notice 1.7kB SettingSolid.js
19 notice 178B Share.d.ts
19 notice 1.2kB Share.js
19 notice 188B ShareArrow.d.ts
19 notice 1.2kB ShareArrow.js
19 notice 188B ShareSolid.d.ts
19 notice 1.0kB ShareSolid.js
19 notice 180B Shield.d.ts
19 notice 792B Shield.js
19 notice 186B ShieldAdd.d.ts
19 notice 1.0kB ShieldAdd.js
19 notice 196B ShieldAddSolid.d.ts
19 notice 847B ShieldAddSolid.js
19 notice 190B ShieldCheck.d.ts
19 notice 927B ShieldCheck.js
19 notice 200B ShieldCheckSolid.d.ts
19 notice 733B ShieldCheckSolid.js
19 notice 190B ShieldClose.d.ts
19 notice 1.0kB ShieldClose.js
19 notice 200B ShieldCloseSolid.d.ts
19 notice 806B ShieldCloseSolid.js
19 notice 188B ShieldNote.d.ts
19 notice 985B ShieldNote.js
19 notice 198B ShieldNoteSolid.d.ts
19 notice 849B ShieldNoteSolid.js
19 notice 186B ShieldOff.d.ts
19 notice 986B ShieldOff.js
19 notice 196B ShieldOffSolid.d.ts
19 notice 770B ShieldOffSolid.js
19 notice 192B ShieldRemove.d.ts
19 notice 895B ShieldRemove.js
19 notice 202B ShieldRemoveSolid.d.ts
19 notice 728B ShieldRemoveSolid.js
19 notice 190B ShieldSolid.d.ts
19 notice 597B ShieldSolid.js
19 notice 190B ShoppingBag.d.ts
19 notice 1.0kB ShoppingBag.js
19 notice 200B ShoppingBagSolid.d.ts
19 notice 910B ShoppingBagSolid.js
19 notice 192B ShoppingCart.d.ts
19 notice 1.2kB ShoppingCart.js
19 notice 202B ShoppingCartSolid.d.ts
19 notice 1.0kB ShoppingCartSolid.js
19 notice 184B SkipNext.d.ts
19 notice 832B SkipNext.js
19 notice 194B SkipNextSolid.d.ts
19 notice 711B SkipNextSolid.js
19 notice 192B SkipPrevious.d.ts
19 notice 849B SkipPrevious.js
19 notice 202B SkipPreviousSolid.d.ts
19 notice 725B SkipPreviousSolid.js
19 notice 188B SkypeBrand.d.ts
19 notice 3.1kB SkypeBrand.js
19 notice 194B SnapchatBrand.d.ts
19 notice 1.8kB SnapchatBrand.js
19 notice 198B SoundcloudBrand.d.ts
19 notice 3.8kB SoundcloudBrand.js
19 notice 192B SpotifyBrand.d.ts
19 notice 1.0kB SpotifyBrand.js
19 notice 204B StackoverflowBrand.d.ts
19 notice 804B StackoverflowBrand.js
19 notice 188B StampCheck.d.ts
19 notice 1.7kB StampCheck.js
19 notice 198B StampCheckSolid.d.ts
19 notice 1.2kB StampCheckSolid.js
19 notice 188B StampClose.d.ts
19 notice 1.8kB StampClose.js
19 notice 198B StampCloseSolid.d.ts
19 notice 1.2kB StampCloseSolid.js
19 notice 176B Star.d.ts
19 notice 1.2kB Star.js
19 notice 184B StarHalf.d.ts
19 notice 1.4kB StarHalf.js
19 notice 186B StarSolid.d.ts
19 notice 829B StarSolid.js
19 notice 176B Stop.d.ts
19 notice 918B Stop.js
19 notice 188B StopCircle.d.ts
19 notice 1.0kB StopCircle.js
19 notice 198B StopCircleSolid.d.ts
19 notice 812B StopCircleSolid.js
19 notice 186B StopSolid.d.ts
19 notice 806B StopSolid.js
19 notice 178B Store.d.ts
19 notice 1.3kB Store.js
19 notice 188B StoreSolid.d.ts
19 notice 1.1kB StoreSolid.js
19 notice 174B Sun.d.ts
19 notice 1.9kB Sun.js
19 notice 184B SunSolid.d.ts
19 notice 1.7kB SunSolid.js
19 notice 186B SwapHoriz.d.ts
19 notice 789B SwapHoriz.js
19 notice 184B SwapVert.d.ts
19 notice 822B SwapVert.js
19 notice 176B Sync.d.ts
19 notice 1.1kB Sync.js
19 notice 190B TiktokBrand.d.ts
19 notice 1.8kB TiktokBrand.js
19 notice 178B Timer.d.ts
19 notice 1.1kB Timer.js
19 notice 184B TimerOff.d.ts
19 notice 1.1kB TimerOff.js
19 notice 194B TimerOffSolid.d.ts
19 notice 870B TimerOffSolid.js
19 notice 188B TimerSolid.d.ts
19 notice 875B TimerSolid.js
19 notice 178B Truck.d.ts
19 notice 1.4kB Truck.js
19 notice 188B TruckSolid.d.ts
19 notice 1.3kB TruckSolid.js
19 notice 190B TwitchBrand.d.ts
19 notice 589B TwitchBrand.js
19 notice 192B TwitterBrand.d.ts
19 notice 1.2kB TwitterBrand.js
19 notice 176B Undo.d.ts
19 notice 816B Undo.js
19 notice 188B UnfoldLess.d.ts
19 notice 703B UnfoldLess.js
19 notice 188B UnfoldMore.d.ts
19 notice 720B UnfoldMore.js
19 notice 180B Update.d.ts
19 notice 1.2kB Update.js
19 notice 184B Videocam.d.ts
19 notice 1.1kB Videocam.js
19 notice 194B VideocamSolid.d.ts
19 notice 909B VideocamSolid.js
19 notice 184B ViewGrid.d.ts
19 notice 1.5kB ViewGrid.js
19 notice 194B ViewGridSolid.d.ts
19 notice 983B ViewGridSolid.js
19 notice 184B ViewList.d.ts
19 notice 992B ViewList.js
19 notice 186B ViewTable.d.ts
19 notice 1.0kB ViewTable.js
19 notice 188B Visibility.d.ts
19 notice 1.3kB Visibility.js
19 notice 194B VisibilityOff.d.ts
19 notice 1.4kB VisibilityOff.js
19 notice 204B VisibilityOffSolid.d.ts
19 notice 1.2kB VisibilityOffSolid.js
19 notice 198B VisibilitySolid.d.ts
19 notice 1.0kB VisibilitySolid.js
19 notice 182B Warning.d.ts
19 notice 687B Warning.js
19 notice 194B WarningCircle.d.ts
19 notice 1.1kB WarningCircle.js
19 notice 204B WarningCircleSolid.d.ts
19 notice 889B WarningCircleSolid.js
19 notice 190B WechatBrand.d.ts
19 notice 2.1kB WechatBrand.js
19 notice 194B WhatsappBrand.d.ts
19 notice 2.1kB WhatsappBrand.js
19 notice 176B Wifi.d.ts
19 notice 1.3kB Wifi.js
19 notice 192B WindowsBrand.d.ts
19 notice 543B WindowsBrand.js
19 notice 196B WordpressBrand.d.ts
19 notice 2.4kB WordpressBrand.js
19 notice 186B XboxBrand.d.ts
19 notice 1.4kB XboxBrand.js
19 notice 192B YoutubeBrand.d.ts
19 notice 1.1kB YoutubeBrand.js
19 notice 267.4kB icons.json
19 notice 30.4kB index.d.ts
19 notice 32.0kB index.js
19 notice 652B package.json
20 notice Tarball Details
21 notice name: @bangalicon/react
22 notice version: 1.0.9
23 notice filename: bangalicon-react-1.0.9.tgz
24 notice package size: 120.0 kB
25 notice unpacked size: 979.6 kB
26 notice shasum: c1b6355958d584a592dd8e9932efeea09ddca419
27 notice integrity: sha512-jtDhssM3ZXcnj[...]SSsnXqVDKRuYw==
28 notice total files: 1045
29 notice
30 http fetch GET 200 https://registry.npmjs.org/@bangalicon%2freact 951ms (cache miss)
31 notice Publishing to https://registry.npmjs.org/ with tag latest and public access
32 http fetch PUT 200 https://registry.npmjs.org/@bangalicon%2freact 2019ms
33 verbose cwd D:\Web Project\Bangalicon\ban-5.0.0\bangalicon-backend\react-icons
34 verbose os Windows_NT 10.0.26200
35 verbose node v24.11.1
36 verbose npm  v11.11.0
37 verbose exit 0
38 info ok
