0 verbose cli C:\Program Files\nodejs\node.exe C:\Users\Mizuki Sama\AppData\Roaming\npm\node_modules\npm\bin\npm-cli.js
1 info using npm@11.11.0
2 info using node@v24.11.1
3 silly config load:file:C:\Users\Mizuki Sama\AppData\Roaming\npm\node_modules\npm\npmrc
4 silly config load:file:D:\Web Project\Bangalicon\ban-5.0.0\bangalicon-backend\svelte-icons\.npmrc
5 silly config load:file:C:\Users\Mizuki Sama\.npmrc
6 silly config load:file:C:\Users\Mizuki Sama\AppData\Roaming\npm\etc\npmrc
7 verbose title npm publish
8 verbose argv "publish" "--access" "public" "--registry" "https://registry.npmjs.org"
9 verbose logfile logs-max:10 dir:D:\Web Project\Bangalicon\ban-5.0.0\bangalicon-backend\.npm-cache\_logs\2026-08-05T19_24_12_337Z-
10 verbose logfile D:\Web Project\Bangalicon\ban-5.0.0\bangalicon-backend\.npm-cache\_logs\2026-08-05T19_24_12_337Z-debug-0.log
11 warn Unknown project config "always-auth". This will stop working in the next major version of npm. See `npm help npmrc` for supported config options.
12 silly logfile start cleaning logs, removing 1 files
13 verbose publish [ '.' ]
14 silly logfile done cleaning log files
15 silly packumentCache heap:4496293888 maxSize:1124073472 maxEntrySize:562036736
16 notice
17 notice package: @bangalicon/svelte@1.0.8
18 notice Tarball Contents
19 notice 1.3kB AddCircleSolid.svelte
19 notice 873B CheckCircle.svelte
19 notice 650B CheckCircleSoliFd.svelte
19 notice 1.1kB README.md
19 notice 1.3kB icons.json
19 notice 207B index.js
19 notice 544B package.json
20 notice Tarball Details
21 notice name: @bangalicon/svelte
22 notice version: 1.0.8
23 notice filename: bangalicon-svelte-1.0.8.tgz
24 notice package size: 2.0 kB
25 notice unpacked size: 6.1 kB
26 notice shasum: 10d81e7dbbc767e7cb82fae91d266e49327d9d84
27 notice integrity: sha512-NBd3bFyY3x3/U[...]iQ5+yPVzpE2qQ==
28 notice total files: 7
29 notice
30 http fetch GET 200 https://registry.npmjs.org/@bangalicon%2fsvelte 1189ms (cache miss)
31 notice Publishing to https://registry.npmjs.org/ with tag latest and public access
32 http fetch PUT 200 https://registry.npmjs.org/@bangalicon%2fsvelte 1296ms
33 verbose cwd D:\Web Project\Bangalicon\ban-5.0.0\bangalicon-backend\svelte-icons
34 verbose os Windows_NT 10.0.26200
35 verbose node v24.11.1
36 verbose npm  v11.11.0
37 verbose exit 0
38 info ok
